
===========================================================================
report_checks -unconstrained
===========================================================================
======================= nom_ff_n40C_1v95 Corner ===================================

Startpoint: _20795_ (rising edge-triggered flip-flop clocked by clk)
Endpoint: _20661_ (rising edge-triggered flip-flop clocked by clk)
Path Group: clk
Path Type: max

Fanout         Cap        Slew       Delay        Time   Description
---------------------------------------------------------------------------------------------
                                  0.000000    0.000000   clock clk (rise edge)
                                  0.000000    0.000000   clock source latency
     2    0.087539    0.182088    0.129815    0.129815 ^ clk (in)
                                                         clk (net)
                      0.182276    0.000000    0.129815 ^ clkbuf_0_clk/A (sky130_fd_sc_hd__clkbuf_16)
     8    0.185838    0.153090    0.205704    0.335520 ^ clkbuf_0_clk/X (sky130_fd_sc_hd__clkbuf_16)
                                                         clknet_0_clk (net)
                      0.153386    0.005459    0.340979 ^ clkbuf_3_1_0_clk/A (sky130_fd_sc_hd__clkbuf_8)
     9    0.103068    0.139083    0.190782    0.531761 ^ clkbuf_3_1_0_clk/X (sky130_fd_sc_hd__clkbuf_8)
                                                         clknet_3_1_0_clk (net)
                      0.139180    0.003012    0.534773 ^ clkbuf_leaf_4_clk/A (sky130_fd_sc_hd__clkbuf_8)
     3    0.019444    0.038612    0.114733    0.649506 ^ clkbuf_leaf_4_clk/X (sky130_fd_sc_hd__clkbuf_8)
                                                         clknet_leaf_4_clk (net)
                      0.038614    0.000280    0.649786 ^ _20795_/CLK (sky130_fd_sc_hd__dfxtp_4)
     3    0.046405    0.104252    0.269052    0.918838 ^ _20795_/Q (sky130_fd_sc_hd__dfxtp_4)
                                                         b_h[1] (net)
                      0.104266    0.001273    0.920111 ^ max_cap555/A (sky130_fd_sc_hd__buf_12)
    14    0.080115    0.076123    0.111309    1.031420 ^ max_cap555/X (sky130_fd_sc_hd__buf_12)
                                                         net555 (net)
                      0.077368    0.007687    1.039107 ^ max_cap554/A (sky130_fd_sc_hd__buf_12)
    18    0.146862    0.131185    0.139322    1.178428 ^ max_cap554/X (sky130_fd_sc_hd__buf_12)
                                                         net554 (net)
                      0.138163    0.023637    1.202066 ^ wire553/A (sky130_fd_sc_hd__buf_12)
    11    0.074565    0.072536    0.109022    1.311087 ^ wire553/X (sky130_fd_sc_hd__buf_12)
                                                         net553 (net)
                      0.073602    0.006898    1.317985 ^ max_cap552/A (sky130_fd_sc_hd__buf_12)
     9    0.090028    0.084527    0.113683    1.431668 ^ max_cap552/X (sky130_fd_sc_hd__buf_12)
                                                         net552 (net)
                      0.085608    0.007595    1.439263 ^ _10907_/A (sky130_fd_sc_hd__nand2_8)
     7    0.106933    0.104961    0.096135    1.535398 v _10907_/Y (sky130_fd_sc_hd__nand2_8)
                                                         _01857_ (net)
                      0.105604    0.006564    1.541962 v _11145_/A1 (sky130_fd_sc_hd__o21a_1)
     1    0.009574    0.046296    0.162271    1.704233 v _11145_/X (sky130_fd_sc_hd__o21a_1)
                                                         _02088_ (net)
                      0.046298    0.000336    1.704569 v _11235_/A2 (sky130_fd_sc_hd__o211ai_4)
     5    0.029080    0.210298    0.190344    1.894913 ^ _11235_/Y (sky130_fd_sc_hd__o211ai_4)
                                                         _02177_ (net)
                      0.210300    0.001026    1.895939 ^ _11236_/B (sky130_fd_sc_hd__nand2_1)
     2    0.010817    0.075336    0.081942    1.977881 v _11236_/Y (sky130_fd_sc_hd__nand2_1)
                                                         _02178_ (net)
                      0.075337    0.000163    1.978045 v _11240_/A (sky130_fd_sc_hd__nand2_2)
     3    0.028489    0.119890    0.117975    2.096020 ^ _11240_/Y (sky130_fd_sc_hd__nand2_2)
                                                         _02182_ (net)
                      0.119904    0.001059    2.097079 ^ _11244_/B (sky130_fd_sc_hd__nand3_4)
     5    0.022318    0.082705    0.073527    2.170606 v _11244_/Y (sky130_fd_sc_hd__nand3_4)
                                                         _02186_ (net)
                      0.082715    0.000958    2.171564 v _11310_/A1 (sky130_fd_sc_hd__a21oi_4)
     2    0.015610    0.118143    0.133299    2.304863 ^ _11310_/Y (sky130_fd_sc_hd__a21oi_4)
                                                         _02251_ (net)
                      0.118144    0.000444    2.305307 ^ _11375_/B (sky130_fd_sc_hd__nand3_2)
     5    0.023701    0.103059    0.105950    2.411257 v _11375_/Y (sky130_fd_sc_hd__nand3_2)
                                                         _02316_ (net)
                      0.103067    0.000733    2.411989 v _11378_/A1 (sky130_fd_sc_hd__a21o_4)
     3    0.021804    0.040438    0.171288    2.583277 v _11378_/X (sky130_fd_sc_hd__a21o_4)
                                                         _02319_ (net)
                      0.040471    0.000590    2.583867 v _11382_/B (sky130_fd_sc_hd__nand3_4)
     5    0.017454    0.070173    0.070774    2.654641 ^ _11382_/Y (sky130_fd_sc_hd__nand3_4)
                                                         _02323_ (net)
                      0.070174    0.000229    2.654870 ^ _11384_/A (sky130_fd_sc_hd__nand2_1)
     2    0.013495    0.079695    0.068226    2.723096 v _11384_/Y (sky130_fd_sc_hd__nand2_1)
                                                         _02325_ (net)
                      0.079696    0.000256    2.723353 v _11390_/A1 (sky130_fd_sc_hd__o221ai_4)
     2    0.020410    0.173231    0.187952    2.911305 ^ _11390_/Y (sky130_fd_sc_hd__o221ai_4)
                                                         _02331_ (net)
                      0.173231    0.000465    2.911770 ^ _11391_/B (sky130_fd_sc_hd__nand2_4)
     4    0.018604    0.059620    0.050685    2.962455 v _11391_/Y (sky130_fd_sc_hd__nand2_4)
                                                         _02332_ (net)
                      0.059621    0.000487    2.962942 v _11628_/B1 (sky130_fd_sc_hd__o22ai_4)
     4    0.021888    0.153671    0.145791    3.108733 ^ _11628_/Y (sky130_fd_sc_hd__o22ai_4)
                                                         _02567_ (net)
                      0.153673    0.000918    3.109651 ^ _11881_/B (sky130_fd_sc_hd__nand4_4)
     2    0.016096    0.083176    0.085481    3.195132 v _11881_/Y (sky130_fd_sc_hd__nand4_4)
                                                         _02818_ (net)
                      0.083178    0.000688    3.195820 v _12186_/A (sky130_fd_sc_hd__nand3_4)
     1    0.015477    0.064946    0.071961    3.267781 ^ _12186_/Y (sky130_fd_sc_hd__nand3_4)
                                                         _03121_ (net)
                      0.064951    0.001041    3.268821 ^ _12674_/A (sky130_fd_sc_hd__nand4_4)
     4    0.033832    0.114853    0.093188    3.362010 v _12674_/Y (sky130_fd_sc_hd__nand4_4)
                                                         _03605_ (net)
                      0.115047    0.003656    3.365665 v _13026_/A (sky130_fd_sc_hd__nand4_4)
     6    0.032300    0.113856    0.115589    3.481255 ^ _13026_/Y (sky130_fd_sc_hd__nand4_4)
                                                         _03953_ (net)
                      0.113862    0.001543    3.482797 ^ rebuffer66/A (sky130_fd_sc_hd__clkbuf_2)
     1    0.003634    0.025414    0.080568    3.563365 ^ rebuffer66/X (sky130_fd_sc_hd__clkbuf_2)
                                                         net878 (net)
                      0.025415    0.000108    3.563473 ^ _13111_/A (sky130_fd_sc_hd__nand2_1)
     1    0.003928    0.039106    0.027368    3.590842 v _13111_/Y (sky130_fd_sc_hd__nand2_1)
                                                         _04036_ (net)
                      0.039106    0.000127    3.590969 v _13114_/A1 (sky130_fd_sc_hd__a21oi_1)
     1    0.003701    0.088137    0.091555    3.682523 ^ _13114_/Y (sky130_fd_sc_hd__a21oi_1)
                                                         _04039_ (net)
                      0.088137    0.000086    3.682609 ^ _13145_/A2 (sky130_fd_sc_hd__o21bai_1)
     1    0.003158    0.034791    0.040817    3.723426 v _13145_/Y (sky130_fd_sc_hd__o21bai_1)
                                                         _04069_ (net)
                      0.034791    0.000093    3.723519 v _13146_/C1 (sky130_fd_sc_hd__o211a_1)
     1    0.007639    0.042818    0.079498    3.803018 v _13146_/X (sky130_fd_sc_hd__o211a_1)
                                                         _00301_ (net)
                      0.042821    0.000369    3.803387 v _20661_/D (sky130_fd_sc_hd__dfxtp_1)
                                              3.803387   data arrival time

                                 10.000000   10.000000   clock clk (rise edge)
                                  0.000000   10.000000   clock source latency
     2    0.087539    0.182088    0.129815   10.129815 ^ clk (in)
                                                         clk (net)
                      0.182276    0.000000   10.129815 ^ clkbuf_0_clk/A (sky130_fd_sc_hd__clkbuf_16)
     8    0.185838    0.153090    0.205705   10.335521 ^ clkbuf_0_clk/X (sky130_fd_sc_hd__clkbuf_16)
                                                         clknet_0_clk (net)
                      0.153466    0.006136   10.341657 ^ clkbuf_3_2_0_clk/A (sky130_fd_sc_hd__clkbuf_8)
     9    0.088494    0.121747    0.174196   10.515853 ^ clkbuf_3_2_0_clk/X (sky130_fd_sc_hd__clkbuf_8)
                                                         clknet_3_2_0_clk (net)
                      0.122944    0.009684   10.525537 ^ clkbuf_leaf_14_clk/A (sky130_fd_sc_hd__clkbuf_8)
    14    0.043432    0.065985    0.134460   10.659996 ^ clkbuf_leaf_14_clk/X (sky130_fd_sc_hd__clkbuf_8)
                                                         clknet_leaf_14_clk (net)
                      0.065994    0.000828   10.660824 ^ _20661_/CLK (sky130_fd_sc_hd__dfxtp_1)
                                 -0.200000   10.460824   clock uncertainty
                                  0.000000   10.460824   clock reconvergence pessimism
                                 -0.070591   10.390233   library setup time
                                             10.390233   data required time
---------------------------------------------------------------------------------------------
                                             10.390233   data required time
                                             -3.803387   data arrival time
---------------------------------------------------------------------------------------------
                                              6.586846   slack (MET)




===========================================================================
report_checks --slack_max -0.01
============================================================================
======================= nom_ff_n40C_1v95 Corner ===================================

No paths found.


===========================================================================
 report_check_types -max_slew -max_cap -max_fanout -violators
============================================================================
======================= nom_ff_n40C_1v95 Corner ===================================



===========================================================================
report_parasitic_annotation -report_unannotated
============================================================================
Found 53 unannotated drivers.
 clkload0/Y
 clkload1/Y
 clkload10/X
 clkload11/X
 clkload12/X
 clkload13/X
 clkload14/Y
 clkload15/Y
 clkload16/Y
 clkload17/Y
 clkload18/Y
 clkload19/Y
 clkload2/X
 clkload20/Y
 clkload21/X
 clkload22/X
 clkload23/Y
 clkload24/X
 clkload25/Y
 clkload26/Y
 clkload27/Y
 clkload28/Y
 clkload29/Y
 clkload3/X
 clkload30/Y
 clkload31/Y
 clkload32/X
 clkload33/Y
 clkload34/Y
 clkload35/Y
 clkload36/Y
 clkload37/Y
 clkload38/X
 clkload39/X
 clkload4/X
 clkload40/Y
 clkload41/Y
 clkload42/Y
 clkload43/Y
 clkload44/Y
 clkload45/Y
 clkload46/Y
 clkload47/Y
 clkload48/Y
 clkload49/X
 clkload5/Y
 clkload50/X
 clkload51/Y
 clkload52/Y
 clkload6/Y
 clkload7/Y
 clkload8/Y
 clkload9/Y
Found 0 partially unannotated drivers.

===========================================================================
max slew violation count 0
max fanout violation count 0
max cap violation count 0
============================================================================

===========================================================================
check_setup -verbose -unconstrained_endpoints -multiple_clock -no_clock -no_input_delay -loops -generated_clocks
===========================================================================
