
===========================================================================
 report_power
============================================================================
======================= nom_ff_n40C_1v95 Corner ===================================

Group                    Internal    Switching      Leakage        Total
                            Power        Power        Power        Power (Watts)
------------------------------------------------------------------------
Sequential           2.270508e-03 2.265593e-04 7.485407e-09 2.497074e-03  22.7%
Combinational        2.293973e-03 3.977572e-03 1.267882e-07 6.271672e-03  57.1%
Clock                1.025266e-03 1.192106e-03 4.406306e-08 2.217416e-03  20.2%
Macro                0.000000e+00 0.000000e+00 0.000000e+00 0.000000e+00   0.0%
Pad                  0.000000e+00 0.000000e+00 0.000000e+00 0.000000e+00   0.0%
------------------------------------------------------------------------
Total                5.589745e-03 5.396226e-03 1.783353e-07 1.098615e-02 100.0%
                            50.9%        49.1%         0.0%

