Clock: clk
Sources: clk 
Generated: no
Virtual: yes
Propagated: no
Period: 10.000000

===========================================================================
report_clock_properties
============================================================================
Clock                   Period          Waveform
----------------------------------------------------
clk                  10.000000    0.000000  5.000000

===========================================================================
report_clock_latency
============================================================================
Clock clk
rise -> rise
    min     max
0.000000 0.000000 source latency
0.464636         network latency _20697_/CLK
        0.619737 network latency _20525_/CLK
---------------
0.464636 0.619737 latency
        0.155101 skew

fall -> fall
    min     max
0.000000 0.000000 source latency
0.394334         network latency _20697_/CLK
        0.544662 network latency _20497_/CLK
---------------
0.394334 0.544662 latency
        0.150328 skew



===========================================================================
report_clock_min_period
============================================================================
clk period_min = 3.42 fmax = 292.23
