┏━━━━━━━┳━━━━━━━━━┳━━━━━━━━━━┳━━━━━━━━━━━━━━━━━━━━━━━┳━━━━━━━━━━━━━━━━━━━━━┳━━━━━━━┓
┃ P / R ┃ Partial ┃ Required ┃ Net                   ┃ Pin                 ┃ Layer ┃
┡━━━━━━━╇━━━━━━━━━╇━━━━━━━━━━╇━━━━━━━━━━━━━━━━━━━━━━━╇━━━━━━━━━━━━━━━━━━━━━╇━━━━━━━┩
│ 9.22  │ 3688.76 │ 400.00   │ p_ll[8\]              │ _0550_/B            │ met4  │
│ 8.56  │ 3422.04 │ 400.00   │ net74                 │ output74/A          │ met4  │
│ 8.52  │ 3409.36 │ 400.00   │ net183                │ output102/A         │ met3  │
│ 7.47  │ 2988.00 │ 400.00   │ p_ll[31\]             │ _0573_/B            │ met3  │
│ 7.25  │ 2900.38 │ 400.00   │ p_hh[19\]             │ _0966_/B            │ met3  │
│ 6.79  │ 2715.02 │ 400.00   │ net185                │ output100/A         │ met3  │
│ 6.75  │ 2700.00 │ 400.00   │ p_hh[15\]             │ _0962_/B            │ met1  │
│ 5.92  │ 2367.85 │ 400.00   │ net106                │ output106/A         │ met3  │
│ 5.75  │ 2298.42 │ 400.00   │ net181                │ output111/A         │ met3  │
│ 5.40  │ 2160.89 │ 400.00   │ p_ll[9\]              │ _0551_/B            │ met2  │
│ 5.32  │ 2127.81 │ 400.00   │ _0038_                │ _1017_/D            │ met4  │
│ 5.03  │ 2010.74 │ 400.00   │ net128                │ output128/A         │ met2  │
│ 4.74  │ 1894.86 │ 400.00   │ p_hh[8\]              │ _0955_/B            │ met1  │
│ 4.70  │ 1881.81 │ 400.00   │ net182                │ output103/A         │ met3  │
│ 4.65  │ 1858.85 │ 400.00   │ net127                │ output127/A         │ met2  │
│ 4.63  │ 1851.25 │ 400.00   │ p_ll[6\]              │ _0548_/B            │ met2  │
│ 4.62  │ 1848.95 │ 400.00   │ p_ll[30\]             │ _0572_/B            │ met3  │
│ 4.43  │ 1770.69 │ 400.00   │ p_ll[3\]              │ _0545_/B            │ met2  │
│ 4.40  │ 1761.33 │ 400.00   │ _0104_                │ _1083_/D            │ met3  │
│ 4.40  │ 1761.33 │ 400.00   │ _0128_                │ _1107_/D            │ met3  │
│ 4.36  │ 1742.94 │ 400.00   │ net104                │ output104/A         │ met3  │
│ 4.33  │ 1732.36 │ 400.00   │ p_ll[7\]              │ _0549_/B            │ met2  │
│ 4.28  │ 1710.05 │ 400.00   │ net98                 │ output98/A          │ met2  │
│ 4.24  │ 1694.03 │ 400.00   │ p_ll[1\]              │ _0543_/B            │ met2  │
│ 4.12  │ 1649.29 │ 400.00   │ net66                 │ output66/A          │ met2  │
│ 4.12  │ 1646.21 │ 400.00   │ net97                 │ output97/A          │ met2  │
│ 4.04  │ 1615.83 │ 400.00   │ net121                │ output121/A         │ met2  │
│ 4.01  │ 1602.10 │ 400.00   │ _0078_                │ _1057_/D            │ met4  │
│ 3.96  │ 1585.90 │ 400.00   │ p_ll[13\]             │ _0555_/B            │ met3  │
│ 3.96  │ 1582.00 │ 400.00   │ p_ll[10\]             │ _0552_/B            │ met2  │
│ 3.96  │ 1582.00 │ 400.00   │ p_ll[12\]             │ _0554_/B            │ met2  │
│ 3.95  │ 1579.03 │ 400.00   │ p_ll[0\]              │ _0542_/B            │ met2  │
│ 3.86  │ 1544.58 │ 400.00   │ p_ll[5\]              │ _0547_/B            │ met2  │
│ 3.86  │ 1543.67 │ 400.00   │ p_ll[11\]             │ _0553_/B            │ met2  │
│ 3.82  │ 1527.78 │ 400.00   │ net96                 │ output96/A          │ met2  │
│ 3.78  │ 1513.89 │ 400.00   │ p_hh[10\]             │ _0957_/B            │ met1  │
│ 3.75  │ 1498.48 │ 400.00   │ _0097_                │ _1076_/D            │ met3  │
│ 3.67  │ 1467.03 │ 400.00   │ net84                 │ output84/A          │ met2  │
│ 3.67  │ 1467.03 │ 400.00   │ net91                 │ output91/A          │ met2  │
│ 3.66  │ 1464.03 │ 400.00   │ p_ll[4\]              │ _0546_/B            │ met2  │
│ 3.66  │ 1463.95 │ 400.00   │ net110                │ output110/A         │ met2  │
│ 3.58  │ 1433.57 │ 400.00   │ net73                 │ output73/A          │ met2  │
│ 3.47  │ 1387.36 │ 400.00   │ p_ll[15\]             │ _0557_/B            │ met2  │
│ 3.41  │ 1362.76 │ 400.00   │ net122                │ wire171/A           │ met3  │
│ 3.41  │ 1362.76 │ 400.00   │ net123                │ wire170/A           │ met3  │
│ 3.36  │ 1342.44 │ 400.00   │ net72                 │ output72/A          │ met2  │
│ 3.28  │ 1312.06 │ 400.00   │ net99                 │ output99/A          │ met2  │
│ 3.24  │ 1294.64 │ 400.00   │ net180                │ output112/A         │ met1  │
│ 3.21  │ 1284.76 │ 400.00   │ net83                 │ output83/A          │ met2  │
│ 3.19  │ 1276.25 │ 400.00   │ p_hh[18\]             │ _0965_/B            │ met2  │
│ 3.18  │ 1272.36 │ 400.00   │ p_ll[14\]             │ _0556_/B            │ met2  │
│ 3.14  │ 1256.91 │ 400.00   │ net78                 │ output78/A          │ met3  │
│ 3.14  │ 1254.39 │ 400.00   │ net71                 │ output71/A          │ met2  │
│ 3.06  │ 1224.01 │ 400.00   │ net82                 │ output82/A          │ met2  │
│ 2.98  │ 1193.63 │ 400.00   │ net88                 │ output88/A          │ met2  │
│ 2.90  │ 1161.25 │ 400.00   │ p_hh[17\]             │ _0964_/B            │ met2  │
│ 2.90  │ 1161.25 │ 400.00   │ p_ll[2\]              │ _0544_/B            │ met2  │
│ 2.90  │ 1160.17 │ 400.00   │ net76                 │ output76/A          │ met2  │
│ 2.87  │ 1148.00 │ 400.00   │ p_ll[29\]             │ _0571_/B            │ met3  │
│ 2.83  │ 1132.88 │ 400.00   │ net75                 │ output75/A          │ met2  │
│ 2.82  │ 1129.80 │ 400.00   │ net77                 │ output77/A          │ met2  │
│ 2.82  │ 1129.80 │ 400.00   │ net109                │ output109/A         │ met2  │
│ 2.75  │ 1099.42 │ 400.00   │ net69                 │ output69/A          │ met2  │
│ 2.74  │ 1094.15 │ 400.00   │ net179                │ output113/A         │ met1  │
│ 2.70  │ 1080.69 │ 400.00   │ _0077_                │ _1056_/D            │ met2  │
│ 2.62  │ 1049.88 │ 400.00   │ p_lh[19\]             │ _0832_/B            │ met1  │
│ 2.62  │ 1046.25 │ 400.00   │ p_hh[16\]             │ _0963_/B            │ met2  │
│ 2.61  │ 1042.36 │ 400.00   │ _0079_                │ _1058_/D            │ met2  │
│ 2.61  │ 1042.36 │ 400.00   │ _0128_                │ _1107_/D            │ met2  │
│ 2.54  │ 1015.56 │ 400.00   │ p_ll[16\]             │ _0558_/B            │ met1  │
│ 2.53  │ 1010.64 │ 400.00   │ net68                 │ output68/A          │ met2  │
│ 2.51  │ 1002.19 │ 400.00   │ p_hh[9\]              │ _0956_/B            │ met1  │
│ 2.48  │ 992.97  │ 400.00   │ _0012_                │ _0991_/D            │ met1  │
│ 2.47  │ 988.76  │ 400.00   │ p_ll[31\]             │ _0573_/B            │ met4  │
│ 2.44  │ 975.64  │ 400.00   │ net161                │ _0973_/B            │ met1  │
│ 2.41  │ 6707.62 │ 2778.20  │ p_hh[14\]             │ _0961_/B            │ met3  │
│ 2.40  │ 7105.90 │ 2956.40  │ net160                │ _0974_/B            │ met3  │
│ 2.36  │ 944.19  │ 400.00   │ _0011_                │ _0990_/D            │ met1  │
│ 2.35  │ 938.97  │ 400.00   │ p_ll[18\]             │ _0560_/B            │ met1  │
│ 2.33  │ 930.11  │ 400.00   │ net184                │ output101/A         │ met1  │
│ 2.30  │ 919.51  │ 400.00   │ net67                 │ output67/A          │ met2  │
│ 2.25  │ 901.14  │ 400.00   │ p_ll[29\]             │ _0571_/B            │ met4  │
│ 2.24  │ 894.40  │ 400.00   │ net124                │ wire169/A           │ met3  │
│ 2.22  │ 887.86  │ 400.00   │ p_ll[14\]             │ _0556_/B            │ met1  │
│ 2.18  │ 872.93  │ 400.00   │ p_lh[16\]             │ _0795_/B            │ met3  │
│ 2.18  │ 872.93  │ 400.00   │ p_lh[16\]             │ _0796_/B            │ met3  │
│ 2.18  │ 872.93  │ 400.00   │ p_lh[16\]             │ _0823_/A2           │ met3  │
│ 2.10  │ 840.30  │ 400.00   │ net107                │ output107/A         │ met3  │
│ 2.10  │ 839.56  │ 400.00   │ net165                │ _0969_/B            │ met1  │
│ 2.07  │ 829.53  │ 400.00   │ _0027_                │ _1006_/D            │ met1  │
│ 2.07  │ 826.02  │ 400.00   │ net89                 │ output89/A          │ met2  │
│ 1.94  │ 774.03  │ 400.00   │ net160                │ _0974_/B            │ met2  │
│ 1.91  │ 765.27  │ 400.00   │ net90                 │ output90/A          │ met2  │
│ 1.89  │ 757.56  │ 400.00   │ p_hh_pipe[2\]         │ hold85/A            │ met1  │
│ 1.84  │ 735.69  │ 400.00   │ p_ll[16\]             │ _0558_/B            │ met2  │
│ 1.84  │ 735.69  │ 400.00   │ p_ll[18\]             │ _0560_/B            │ met2  │
│ 1.78  │ 4936.75 │ 2778.20  │ net129                │ output129/A         │ met4  │
│ 1.77  │ 708.27  │ 400.00   │ net100                │ wire185/A           │ met2  │
│ 1.75  │ 701.44  │ 400.00   │ p_hh[12\]             │ _0959_/B            │ met1  │
│ 1.75  │ 699.28  │ 400.00   │ p_hh_pipe[3\]         │ hold86/A            │ met1  │
│ 1.74  │ 697.36  │ 400.00   │ _0104_                │ _1083_/D            │ met2  │
│ 1.74  │ 696.35  │ 400.00   │ p_lh[27\]             │ _0898_/B            │ met1  │
│ 1.74  │ 696.35  │ 400.00   │ p_lh[27\]             │ _0911_/A2           │ met1  │
│ 1.72  │ 688.76  │ 400.00   │ net101                │ wire184/A           │ met2  │
│ 1.71  │ 684.53  │ 400.00   │ net178                │ output114/A         │ met1  │
│ 1.69  │ 677.82  │ 400.00   │ net118                │ wire174/A           │ met3  │
│ 1.69  │ 674.14  │ 400.00   │ net87                 │ output87/A          │ met2  │
│ 1.66  │ 662.58  │ 400.00   │ _0028_                │ _1007_/D            │ met1  │
│ 1.64  │ 655.86  │ 400.00   │ _0048_                │ _1027_/D            │ met1  │
│ 1.61  │ 4477.33 │ 2778.20  │ p_hh[12\]             │ _0959_/B            │ met3  │
│ 1.61  │ 643.76  │ 400.00   │ net85                 │ output85/A          │ met2  │
│ 1.61  │ 643.76  │ 400.00   │ net86                 │ output86/A          │ met2  │
│ 1.61  │ 643.76  │ 400.00   │ net95                 │ output95/A          │ met2  │
│ 1.59  │ 636.19  │ 400.00   │ net130                │ _1139_/D            │ met1  │
│ 1.59  │ 634.93  │ 400.00   │ p_lh[18\]             │ _0820_/B            │ met1  │
│ 1.59  │ 634.93  │ 400.00   │ p_lh[18\]             │ _0821_/B            │ met1  │
│ 1.56  │ 624.04  │ 400.00   │ p_lh[28\]             │ _0904_/B            │ met3  │
│ 1.56  │ 624.04  │ 400.00   │ p_lh[28\]             │ _0905_/B            │ met3  │
│ 1.56  │ 624.04  │ 400.00   │ p_lh[28\]             │ _0924_/B1           │ met3  │
│ 1.56  │ 623.77  │ 400.00   │ net182                │ output103/A         │ met1  │
│ 1.52  │ 606.26  │ 400.00   │ p_lh[31\]             │ _0937_/B            │ met3  │
│ 1.52  │ 606.26  │ 400.00   │ p_lh[31\]             │ _0938_/B            │ met3  │
│ 1.52  │ 606.26  │ 400.00   │ p_lh[31\]             │ _0939_/B            │ met3  │
│ 1.48  │ 591.08  │ 400.00   │ p_ll[11\]             │ _0553_/B            │ met1  │
│ 1.46  │ 583.00  │ 400.00   │ net104                │ output104/A         │ met2  │
│ 1.40  │ 3895.25 │ 2778.20  │ net126                │ output126/A         │ met4  │
│ 1.38  │ 550.31  │ 400.00   │ p_ll[12\]             │ _0554_/B            │ met1  │
│ 1.35  │ 538.62  │ 400.00   │ p_lh[29\]             │ _0924_/A2           │ met1  │
│ 1.31  │ 522.25  │ 400.00   │ net93                 │ output93/A          │ met2  │
│ 1.29  │ 516.86  │ 400.00   │ _0162_                │ _1141_/D            │ met1  │
│ 1.29  │ 516.42  │ 400.00   │ _0148_                │ _1127_/D            │ met1  │
│ 1.28  │ 510.90  │ 400.00   │ net104                │ output104/A         │ met1  │
│ 1.28  │ 3548.08 │ 2778.20  │ net94                 │ output94/A          │ met4  │
│ 1.27  │ 506.31  │ 400.00   │ p_ll[10\]             │ _0552_/B            │ met1  │
│ 1.26  │ 3513.52 │ 2778.20  │ p_hh[11\]             │ _0958_/B            │ met3  │
│ 1.26  │ 505.69  │ 400.00   │ p_ll[27\]             │ _0569_/B            │ met2  │
│ 1.26  │ 505.51  │ 400.00   │ p_hl[23\]             │ _0863_/A            │ met3  │
│ 1.26  │ 505.51  │ 400.00   │ p_hl[23\]             │ _0864_/A            │ met3  │
│ 1.24  │ 495.98  │ 400.00   │ p_hl[20\]             │ _0837_/A            │ met2  │
│ 1.24  │ 495.98  │ 400.00   │ p_hl[20\]             │ _0838_/A            │ met2  │
│ 1.23  │ 493.72  │ 400.00   │ clknet_4_0_0_clk_regs │ _1142_/CLK          │ met1  │
│ 1.23  │ 3409.21 │ 2778.20  │ net92                 │ output92/A          │ met4  │
│ 1.20  │ 480.78  │ 400.00   │ net167                │ _0967_/B            │ met1  │
│ 1.18  │ 471.45  │ 400.00   │ clk                   │ clkbuf_regs_0_clk/A │ met3  │
│ 1.18  │ 471.45  │ 400.00   │ clk                   │ clkbuf_0_clk/A      │ met3  │
│ 1.17  │ 467.29  │ 400.00   │ p_hl[31\]             │ _0937_/A            │ met4  │
│ 1.17  │ 467.29  │ 400.00   │ p_hl[31\]             │ _0938_/A            │ met4  │
│ 1.17  │ 467.29  │ 400.00   │ p_hl[31\]             │ _0939_/A            │ met4  │
│ 1.16  │ 464.64  │ 400.00   │ _0049_                │ _1028_/D            │ met1  │
│ 1.16  │ 3425.90 │ 2956.40  │ net164                │ _0970_/B            │ met4  │
│ 1.15  │ 461.49  │ 400.00   │ net182                │ output103/A         │ met2  │
│ 1.11  │ 444.07  │ 400.00   │ net171                │ output122/A         │ met1  │
│ 1.09  │ 434.20  │ 400.00   │ net79                 │ output79/A          │ met2  │
│ 1.08  │ 2992.60 │ 2778.20  │ net107                │ output107/A         │ met4  │
│ 1.07  │ 429.64  │ 400.00   │ p_hh[7\]              │ _0954_/B            │ met1  │
│ 1.07  │ 429.58  │ 400.00   │ _0082_                │ _1061_/D            │ met1  │
│ 1.06  │ 423.70  │ 400.00   │ net70                 │ output70/A          │ met3  │
│ 1.05  │ 2923.17 │ 2778.20  │ net106                │ output106/A         │ met4  │
│ 1.04  │ 2900.19 │ 2778.20  │ p_hh[9\]              │ _0956_/B            │ met3  │
│ 1.02  │ 409.86  │ 400.00   │ _0144_                │ _1123_/D            │ met1  │
│ 1.02  │ 409.78  │ 400.00   │ net163                │ _0971_/B            │ met1  │
│ 1.01  │ 404.58  │ 400.00   │ _0159_                │ _1138_/D            │ met1  │
│ 1.01  │ 403.53  │ 400.00   │ net166                │ _0968_/B            │ met1  │
└───────┴─────────┴──────────┴───────────────────────┴─────────────────────┴───────┘
