
===========================================================================
report_checks -unconstrained
===========================================================================
======================= nom_tt_025C_1v80 Corner ===================================

Startpoint: in2[18] (input port clocked by clk)
Endpoint: _1972_ (rising edge-triggered flip-flop clocked by clk)
Path Group: clk
Path Type: max

Fanout         Cap        Slew       Delay        Time   Description
---------------------------------------------------------------------------------------------
                                  0.000000    0.000000   clock clk (rise edge)
                                  0.000000    0.000000   clock network delay (propagated)
                                  0.900000    0.900000 v input external delay
     6    0.021868    0.050067    0.035153    0.935153 v in2[18] (in)
                                                         in2[18] (net)
                      0.050070    0.000000    0.935153 v _1220_/A (sky130_fd_sc_hd__or3_2)
     3    0.009038    0.100032    0.503899    1.439052 v _1220_/X (sky130_fd_sc_hd__or3_2)
                                                         _0509_ (net)
                      0.100032    0.000020    1.439073 v _1228_/C1 (sky130_fd_sc_hd__o2111ai_2)
     3    0.015413    0.276249    0.145457    1.584530 ^ _1228_/Y (sky130_fd_sc_hd__o2111ai_2)
                                                         _0517_ (net)
                      0.276249    0.000066    1.584596 ^ _1249_/B (sky130_fd_sc_hd__nand4_2)
     3    0.012891    0.144759    0.191232    1.775829 v _1249_/Y (sky130_fd_sc_hd__nand4_2)
                                                         _0536_ (net)
                      0.144759    0.000066    1.775894 v _1250_/D (sky130_fd_sc_hd__nor4_2)
     4    0.020514    0.538261    0.434899    2.210793 ^ _1250_/Y (sky130_fd_sc_hd__nor4_2)
                                                         _0537_ (net)
                      0.538261    0.000409    2.211203 ^ _1461_/A (sky130_fd_sc_hd__nand4_2)
     1    0.001646    0.117700    0.106371    2.317574 v _1461_/Y (sky130_fd_sc_hd__nand4_2)
                                                         _0736_ (net)
                      0.117700    0.000003    2.317577 v _1462_/B1_N (sky130_fd_sc_hd__o21bai_2)
     3    0.021422    0.112865    0.274056    2.591632 v _1462_/Y (sky130_fd_sc_hd__o21bai_2)
                                                         _0737_ (net)
                      0.112885    0.001182    2.592815 v _1464_/A (sky130_fd_sc_hd__nand2_2)
     7    0.025035    0.141250    0.156194    2.749008 ^ _1464_/Y (sky130_fd_sc_hd__nand2_2)
                                                         _0739_ (net)
                      0.141250    0.000073    2.749082 ^ _1579_/A1 (sky130_fd_sc_hd__a21oi_2)
     3    0.010561    0.064857    0.091656    2.840738 v _1579_/Y (sky130_fd_sc_hd__a21oi_2)
                                                         _0846_ (net)
                      0.064857    0.000085    2.840823 v _1606_/B2 (sky130_fd_sc_hd__o22a_2)
     4    0.014231    0.069221    0.223588    3.064411 v _1606_/X (sky130_fd_sc_hd__o22a_2)
                                                         _0871_ (net)
                      0.069221    0.000093    3.064505 v _1608_/B (sky130_fd_sc_hd__or2_2)
     1    0.002218    0.052331    0.271398    3.335902 v _1608_/X (sky130_fd_sc_hd__or2_2)
                                                         _0873_ (net)
                      0.052331    0.000000    3.335902 v _1621_/A2 (sky130_fd_sc_hd__a21o_2)
     1    0.001587    0.030291    0.199582    3.535484 v _1621_/X (sky130_fd_sc_hd__a21o_2)
                                                         _0885_ (net)
                      0.030291    0.000000    3.535485 v _1623_/B (sky130_fd_sc_hd__and3_2)
     1    0.001940    0.035176    0.176341    3.711827 v _1623_/X (sky130_fd_sc_hd__and3_2)
                                                         _0030_ (net)
                      0.035176    0.000002    3.711829 v _1972_/D (sky130_fd_sc_hd__dfxtp_2)
                                              3.711829   data arrival time

                                 10.000000   10.000000   clock clk (rise edge)
                                  0.000000   10.000000   clock source latency
    64    0.209756    0.000000    0.000000   10.000000 ^ clk (in)
                                                         clk (net)
                      0.027916    0.013958   10.013958 ^ _1972_/CLK (sky130_fd_sc_hd__dfxtp_2)
                                 -0.250000    9.763958   clock uncertainty
                                  0.000000    9.763958   clock reconvergence pessimism
                                 -0.112584    9.651373   library setup time
                                              9.651373   data required time
---------------------------------------------------------------------------------------------
                                              9.651373   data required time
                                             -3.711829   data arrival time
---------------------------------------------------------------------------------------------
                                              5.939545   slack (MET)




===========================================================================
report_checks --slack_max -0.01
============================================================================
======================= nom_tt_025C_1v80 Corner ===================================

No paths found.


===========================================================================
 report_check_types -max_slew -max_cap -max_fanout -violators
============================================================================
======================= nom_tt_025C_1v80 Corner ===================================

max fanout

Pin                                   Limit Fanout  Slack
---------------------------------------------------------
clk                                      10     64    -54 (VIOLATED)
rst                                      10     39    -29 (VIOLATED)
_0982_/Y                                 10     26    -16 (VIOLATED)

max capacitance

Pin                                        Limit         Cap       Slack
------------------------------------------------------------------------
rst                                     0.200000    0.233028   -0.033028 (VIOLATED)
clk                                     0.200000    0.209756   -0.009756 (VIOLATED)



===========================================================================
report_parasitic_annotation -report_unannotated
============================================================================
Found 0 unannotated drivers.
Found 0 partially unannotated drivers.

===========================================================================
max slew violation count 0
Writing metric design__max_slew_violation__count__corner:nom_tt_025C_1v80: 0
max fanout violation count 3
Writing metric design__max_fanout_violation__count__corner:nom_tt_025C_1v80: 3
max cap violation count 2
Writing metric design__max_cap_violation__count__corner:nom_tt_025C_1v80: 2
============================================================================

===========================================================================
check_setup -verbose -unconstrained_endpoints -multiple_clock -no_clock -no_input_delay -loops -generated_clocks
===========================================================================
Warning: There is 1 input port missing set_input_delay.
  rst
