
===========================================================================
 report_power
============================================================================
======================= min_ff_n40C_1v95 Corner ===================================

Group                    Internal    Switching      Leakage        Total
                            Power        Power        Power        Power (Watts)
------------------------------------------------------------------------
Sequential           2.270645e-03 1.860458e-04 7.304738e-09 2.456697e-03  22.4%
Combinational        2.250146e-03 3.808972e-03 1.217088e-07 6.059240e-03  55.3%
Clock                1.199416e-03 1.232263e-03 1.969132e-08 2.431699e-03  22.2%
Macro                0.000000e+00 0.000000e+00 0.000000e+00 0.000000e+00   0.0%
Pad                  0.000000e+00 0.000000e+00 0.000000e+00 0.000000e+00   0.0%
------------------------------------------------------------------------
Total                5.720207e-03 5.227292e-03 1.487031e-07 1.094765e-02 100.0%
                            52.3%        47.7%         0.0%

