┏━━━━━━━━━━━━━━━━━━━━━━┳━━━━━━━━━━┳━━━━━━━━━━┳━━━━━━━━━━┳━━━━━━━━━━┳━━━━━━━━━━━┳━━━━━━━━━━┳━━━━━━━━━━━┳━━━━━━━━━━┳━━━━━━━━━━━┳━━━━━━━━━━┳━━━━━━━━━━━┳━━━━━━━━━━┓
┃                      ┃ Hold     ┃ Reg to   ┃          ┃          ┃ of which  ┃ Setup    ┃           ┃          ┃           ┃ of which ┃           ┃          ┃
┃                      ┃ Worst    ┃ Reg      ┃          ┃ Hold Vio ┃ reg to    ┃ Worst    ┃ Reg to    ┃ Setup    ┃ Setup Vio ┃ reg to   ┃ Max Cap   ┃ Max Slew ┃
┃ Corner/Group         ┃ Slack    ┃ Paths    ┃ Hold TNS ┃ Count    ┃ reg       ┃ Slack    ┃ Reg Paths ┃ TNS      ┃ Count     ┃ reg      ┃ Violatio… ┃ Violati… ┃
┡━━━━━━━━━━━━━━━━━━━━━━╇━━━━━━━━━━╇━━━━━━━━━━╇━━━━━━━━━━╇━━━━━━━━━━╇━━━━━━━━━━━╇━━━━━━━━━━╇━━━━━━━━━━━╇━━━━━━━━━━╇━━━━━━━━━━━╇━━━━━━━━━━╇━━━━━━━━━━━╇━━━━━━━━━━┩
│ Overall              │ 0.3209   │ 0.3209   │ 0.0000   │ 0        │ 0         │ -0.4688  │ -0.4688   │ -3.4930  │ 24        │ 24       │ 0         │ 0        │
│ nom_tt_025C_1v80     │ 0.5622   │ 0.5622   │ 0.0000   │ 0        │ 0         │ 4.5933   │ 4.5933    │ 0.0000   │ 0         │ 0        │ 0         │ 0        │
│ nom_ss_100C_1v60     │ 1.2262   │ 1.2262   │ 0.0000   │ 0        │ 0         │ -0.2170  │ -0.2170   │ -0.6407  │ 5         │ 5        │ 0         │ 0        │
│ nom_ff_n40C_1v95     │ 0.3258   │ 0.3258   │ 0.0000   │ 0        │ 0         │ 6.4556   │ 6.4556    │ 0.0000   │ 0         │ 0        │ 0         │ 0        │
│ min_tt_025C_1v80     │ 0.5549   │ 0.5549   │ 0.0000   │ 0        │ 0         │ 4.7132   │ 4.7132    │ 0.0000   │ 0         │ 0        │ 0         │ 0        │
│ min_ss_100C_1v60     │ 1.2176   │ 1.2176   │ 0.0000   │ 0        │ 0         │ -0.0093  │ -0.0093   │ -0.0093  │ 1         │ 1        │ 0         │ 0        │
│ min_ff_n40C_1v95     │ 0.3209   │ 0.3209   │ 0.0000   │ 0        │ 0         │ 6.5299   │ 6.5299    │ 0.0000   │ 0         │ 0        │ 0         │ 0        │
│ max_tt_025C_1v80     │ 0.5708   │ 0.5708   │ 0.0000   │ 0        │ 0         │ 4.4453   │ 4.4453    │ 0.0000   │ 0         │ 0        │ 0         │ 0        │
│ max_ss_100C_1v60     │ 1.2370   │ 1.2370   │ 0.0000   │ 0        │ 0         │ -0.4688  │ -0.4688   │ -3.4930  │ 18        │ 18       │ 0         │ 0        │
│ max_ff_n40C_1v95     │ 0.3317   │ 0.3317   │ 0.0000   │ 0        │ 0         │ 6.3669   │ 6.3669    │ 0.0000   │ 0         │ 0        │ 0         │ 0        │
└──────────────────────┴──────────┴──────────┴──────────┴──────────┴───────────┴──────────┴───────────┴──────────┴───────────┴──────────┴───────────┴──────────┘
