
===========================================================================
 report_power
============================================================================
======================= nom_tt_025C_1v80 Corner ===================================

Group                    Internal    Switching      Leakage        Total
                            Power        Power        Power        Power (Watts)
------------------------------------------------------------------------
Sequential           1.956650e-03 1.458720e-04 3.730425e-09 2.102525e-03  21.4%
Combinational        2.221915e-03 3.406246e-03 4.292306e-08 5.628204e-03  57.3%
Clock                1.027928e-03 1.055516e-03 1.230848e-08 2.083456e-03  21.2%
Macro                0.000000e+00 0.000000e+00 0.000000e+00 0.000000e+00   0.0%
Pad                  0.000000e+00 0.000000e+00 0.000000e+00 0.000000e+00   0.0%
------------------------------------------------------------------------
Total                5.206492e-03 4.607640e-03 5.896195e-08 9.814191e-03 100.0%
                            53.1%        46.9%         0.0%

