Clock: clk
Sources: clk 
Generated: no
Virtual: yes
Propagated: no
Period: 10.000000

===========================================================================
report_clock_properties
============================================================================
Clock                   Period          Waveform
----------------------------------------------------
clk                  10.000000    0.000000  5.000000

===========================================================================
report_clock_latency
============================================================================
Clock clk
rise -> rise
    min     max
0.000000 0.000000 source latency
0.507053         network latency _20797_/CLK
        0.749178 network latency _20534_/CLK
---------------
0.507053 0.749178 latency
        0.242124 skew

fall -> fall
    min     max
0.000000 0.000000 source latency
0.454295         network latency _20797_/CLK
        0.670389 network latency _20534_/CLK
---------------
0.454295 0.670389 latency
        0.216094 skew



===========================================================================
report_clock_min_period
============================================================================
clk period_min = 6.24 fmax = 160.28
