
===========================================================================
 report_power
============================================================================
======================= nom_tt_025C_1v80 Corner ===================================

Group                    Internal    Switching      Leakage        Total
                            Power        Power        Power        Power (Watts)
------------------------------------------------------------------------
Sequential           2.110656e-03 5.805268e-04 3.867762e-09 2.691187e-03  39.7%
Combinational        1.851914e-03 2.235953e-03 3.361105e-08 4.087901e-03  60.3%
Clock                0.000000e+00 0.000000e+00 1.373779e-09 1.373779e-09   0.0%
Macro                0.000000e+00 0.000000e+00 0.000000e+00 0.000000e+00   0.0%
Pad                  0.000000e+00 0.000000e+00 0.000000e+00 0.000000e+00   0.0%
------------------------------------------------------------------------
Total                3.962570e-03 2.816480e-03 3.885260e-08 6.779088e-03 100.0%
                            58.5%        41.5%         0.0%
Writing metric power__internal__total: 0.003962569870054722
Writing metric power__switching__total: 0.0028164798859506845
Writing metric power__leakage__total: 3.8852604689054715e-8
Writing metric power__total: 0.006779088173061609

