
===========================================================================
 report_power
============================================================================
======================= nom_ss_100C_1v60 Corner ===================================

Group                    Internal    Switching      Leakage        Total
                            Power        Power        Power        Power (Watts)
------------------------------------------------------------------------
Sequential           1.523218e-03 1.294019e-04 6.440672e-06 1.659061e-03  21.5%
Combinational        1.703285e-03 2.630110e-03 4.755680e-05 4.380951e-03  56.7%
Clock                8.577280e-04 8.290723e-04 1.492699e-06 1.688293e-03  21.8%
Macro                0.000000e+00 0.000000e+00 0.000000e+00 0.000000e+00   0.0%
Pad                  0.000000e+00 0.000000e+00 0.000000e+00 0.000000e+00   0.0%
------------------------------------------------------------------------
Total                4.084223e-03 3.588585e-03 5.549014e-05 7.728299e-03 100.0%
                            52.8%        46.4%         0.7%

