Clock: clk
Sources: clk 
Generated: no
Virtual: yes
Propagated: no
Period: 10.000000

===========================================================================
report_clock_properties
============================================================================
Clock                   Period          Waveform
----------------------------------------------------
clk                  10.000000    0.000000  5.000000

===========================================================================
report_clock_latency
============================================================================
Clock clk
rise -> rise
    min     max
0.000000 0.000000 source latency
2.275362         network latency _20660_/CLK
        2.382665 network latency _20621_/CLK
---------------
2.275362 2.382665 latency
        0.107303 skew

fall -> fall
    min     max
0.000000 0.000000 source latency
0.953476         network latency _20660_/CLK
        1.052769 network latency _20621_/CLK
---------------
0.953476 1.052769 latency
        0.099293 skew



===========================================================================
report_clock_min_period
============================================================================
clk period_min = 8.81 fmax = 113.51
