
===========================================================================
 report_power
============================================================================
======================= nom_tt_025C_1v80 Corner ===================================

Group                    Internal    Switching      Leakage        Total
                            Power        Power        Power        Power (Watts)
------------------------------------------------------------------------
Sequential           2.104526e-03 5.631909e-04 3.867762e-09 2.667721e-03  39.4%
Combinational        1.851433e-03 2.244203e-03 3.361105e-08 4.095669e-03  60.6%
Clock                0.000000e+00 0.000000e+00 1.017371e-09 1.017371e-09   0.0%
Macro                0.000000e+00 0.000000e+00 0.000000e+00 0.000000e+00   0.0%
Pad                  0.000000e+00 0.000000e+00 0.000000e+00 0.000000e+00   0.0%
------------------------------------------------------------------------
Total                3.955963e-03 2.807394e-03 3.849620e-08 6.763395e-03 100.0%
                            58.5%        41.5%         0.0%
Writing metric power__internal__total: 0.0039559630677104
Writing metric power__switching__total: 0.002807393902912736
Writing metric power__leakage__total: 3.849619645279745e-8
Writing metric power__total: 0.0067633953876793385

