Clock: clk
Sources: clk 
Generated: no
Virtual: yes
Propagated: no
Period: 10.000000

===========================================================================
report_clock_properties
============================================================================
Clock                   Period          Waveform
----------------------------------------------------
clk                  10.000000    0.000000  5.000000

===========================================================================
report_clock_latency
============================================================================
Clock clk
rise -> rise
    min     max
0.000000 0.000000 source latency
1.295215         network latency i_add/clk
        2.207247 network latency _1157_/CLK
---------------
1.295215 2.207247 latency
        0.912033 skew

fall -> fall
    min     max
0.000000 0.000000 source latency
1.045742         network latency i_add/clk
        1.883860 network latency _1157_/CLK
---------------
1.045742 1.883860 latency
        0.838118 skew



===========================================================================
report_clock_min_period
============================================================================
clk period_min = 8.05 fmax = 124.23
