
===========================================================================
 report_power
============================================================================
======================= max_ss_100C_1v60 Corner ===================================

Group                    Internal    Switching      Leakage        Total
                            Power        Power        Power        Power (Watts)
------------------------------------------------------------------------
Sequential           5.975359e-04 1.633724e-06 2.642494e-06 6.018121e-04  35.5%
Combinational        2.043073e-05 1.206693e-04 3.274586e-06 1.443746e-04   8.5%
Clock                3.592329e-04 5.912915e-04 5.843625e-07 9.511087e-04  56.0%
Macro                0.000000e+00 0.000000e+00 0.000000e+00 0.000000e+00   0.0%
Pad                  0.000000e+00 0.000000e+00 0.000000e+00 0.000000e+00   0.0%
------------------------------------------------------------------------
Total                9.771998e-04 7.135945e-04 6.501422e-06 1.697296e-03 100.0%
                            57.6%        42.0%         0.4%

