
===========================================================================
 report_power
============================================================================
======================= max_ss_100C_1v60 Corner ===================================

Group                    Internal    Switching      Leakage        Total
                            Power        Power        Power        Power (Watts)
------------------------------------------------------------------------
Sequential           1.523040e-03 1.348584e-04 6.440672e-06 1.664339e-03  21.2%
Combinational        1.702930e-03 2.713409e-03 4.755680e-05 4.463896e-03  56.9%
Clock                8.576062e-04 8.576035e-04 1.492699e-06 1.716702e-03  21.9%
Macro                0.000000e+00 0.000000e+00 0.000000e+00 0.000000e+00   0.0%
Pad                  0.000000e+00 0.000000e+00 0.000000e+00 0.000000e+00   0.0%
------------------------------------------------------------------------
Total                4.083580e-03 3.705873e-03 5.549014e-05 7.844944e-03 100.0%
                            52.1%        47.2%         0.7%

