Clock: clk
Sources: clk 
Generated: no
Virtual: yes
Propagated: no
Period: 10.000000

===========================================================================
report_clock_properties
============================================================================
Clock                   Period          Waveform
----------------------------------------------------
clk                  10.000000    0.000000  5.000000

===========================================================================
report_clock_latency
============================================================================
Clock clk
rise -> rise
    min     max
0.000000 0.000000 source latency
1.239307         network latency _20650_/CLK
        1.640212 network latency _20484_/CLK
---------------
1.239307 1.640212 latency
        0.400905 skew

fall -> fall
    min     max
0.000000 0.000000 source latency
1.045464         network latency _20650_/CLK
        1.414593 network latency _20484_/CLK
---------------
1.045464 1.414593 latency
        0.369129 skew



===========================================================================
report_clock_min_period
============================================================================
clk period_min = 10.41 fmax = 96.11
