
===========================================================================
 report_power
============================================================================
======================= nom_tt_025C_1v80 Corner ===================================

Group                    Internal    Switching      Leakage        Total
                            Power        Power        Power        Power (Watts)
------------------------------------------------------------------------
Sequential           2.097482e-03 5.637946e-04 3.867762e-09 2.661281e-03  39.4%
Combinational        1.851233e-03 2.242339e-03 3.361105e-08 4.093605e-03  60.6%
Clock                0.000000e+00 0.000000e+00 9.590494e-10 9.590494e-10   0.0%
Macro                0.000000e+00 0.000000e+00 0.000000e+00 0.000000e+00   0.0%
Pad                  0.000000e+00 0.000000e+00 0.000000e+00 0.000000e+00   0.0%
------------------------------------------------------------------------
Total                3.948717e-03 2.806135e-03 3.843788e-08 6.754891e-03 100.0%
                            58.5%        41.5%         0.0%
Writing metric power__internal__total: 0.003948716912418604
Writing metric power__switching__total: 0.002806135220453143
Writing metric power__leakage__total: 3.843787510504626e-8
Writing metric power__total: 0.00675489054992795

