
===========================================================================
 report_power
============================================================================
======================= max_ss_100C_1v60 Corner ===================================

Group                    Internal    Switching      Leakage        Total
                            Power        Power        Power        Power (Watts)
------------------------------------------------------------------------
Sequential           2.358942e-04 1.067640e-04 9.833535e-07 3.436416e-04  31.5%
Combinational        3.579116e-04 3.789553e-04 9.680548e-06 7.465475e-04  68.5%
Clock                0.000000e+00 0.000000e+00 0.000000e+00 0.000000e+00   0.0%
Macro                0.000000e+00 0.000000e+00 0.000000e+00 0.000000e+00   0.0%
Pad                  0.000000e+00 0.000000e+00 0.000000e+00 0.000000e+00   0.0%
------------------------------------------------------------------------
Total                5.938057e-04 4.857193e-04 1.066390e-05 1.090189e-03 100.0%
                            54.5%        44.6%         1.0%

