                                                                     Buffers by Cell Master                                                                     
┏━━━━━━━━━━━━━━━━━━━━━━━━━━━━━━━━━━━━━━━━━━━━━━━━━━━━━━━━━━━━━━━━━━━━━━━━━━━━━━━━━━━━━━━━━━━━━━━━━━━━━━━━━━━━━━━━━━━━━━━━━━━━━━━━━━┳━━━━━━━━━━━━━━━━━━━━━━━━━━━┓
┃ Buffer                                                                                                                           ┃ Count                     ┃
┡━━━━━━━━━━━━━━━━━━━━━━━━━━━━━━━━━━━━━━━━━━━━━━━━━━━━━━━━━━━━━━━━━━━━━━━━━━━━━━━━━━━━━━━━━━━━━━━━━━━━━━━━━━━━━━━━━━━━━━━━━━━━━━━━━━╇━━━━━━━━━━━━━━━━━━━━━━━━━━━┩
│ sky130_fd_sc_hd__buf_1                                                                                                           │ 34                        │
│ sky130_fd_sc_hd__buf_2                                                                                                           │ 73                        │
│ sky130_fd_sc_hd__clkbuf_1                                                                                                        │ 79                        │
│ sky130_fd_sc_hd__clkbuf_16                                                                                                       │ 1                         │
│ sky130_fd_sc_hd__clkbuf_2                                                                                                        │ 53                        │
│ sky130_fd_sc_hd__clkbuf_4                                                                                                        │ 7                         │
│ sky130_fd_sc_hd__clkbuf_8                                                                                                        │ 8                         │
│ sky130_fd_sc_hd__dlymetal6s2s_1                                                                                                  │ 26                        │
└──────────────────────────────────────────────────────────────────────────────────────────────────────────────────────────────────┴───────────────────────────┘
