                                                                       Cells by Function                                                                        
┏━━━━━━━━━━━━━━━━━━━━━━━━━━━━━━━━━━━━━━━━━━━━━━━━━━━━━━━━━━━━━━━━━━━━━━━━━━━━━━━━━━━━━━━━━━━━━━━━━━━━━━━━━━━━━━━━━━━━━━━━━━━━━━━━━┳━━━━━━━━━━━━━━━━━━━━━━━━━━━━┓
┃ Cell Function                                                                                                                   ┃ Count                      ┃
┡━━━━━━━━━━━━━━━━━━━━━━━━━━━━━━━━━━━━━━━━━━━━━━━━━━━━━━━━━━━━━━━━━━━━━━━━━━━━━━━━━━━━━━━━━━━━━━━━━━━━━━━━━━━━━━━━━━━━━━━━━━━━━━━━━╇━━━━━━━━━━━━━━━━━━━━━━━━━━━━┩
│ sky130_ef_sc_hd__decap                                                                                                          │ 985                        │
│ sky130_fd_sc_hd__a2111oi                                                                                                        │ 1                          │
│ sky130_fd_sc_hd__a211o                                                                                                          │ 5                          │
│ sky130_fd_sc_hd__a211oi                                                                                                         │ 4                          │
│ sky130_fd_sc_hd__a21bo                                                                                                          │ 8                          │
│ sky130_fd_sc_hd__a21boi                                                                                                         │ 11                         │
│ sky130_fd_sc_hd__a21o                                                                                                           │ 67                         │
│ sky130_fd_sc_hd__a21oi                                                                                                          │ 89                         │
│ sky130_fd_sc_hd__a221o                                                                                                          │ 6                          │
│ sky130_fd_sc_hd__a221oi                                                                                                         │ 4                          │
│ sky130_fd_sc_hd__a22o                                                                                                           │ 2                          │
│ sky130_fd_sc_hd__a22oi                                                                                                          │ 3                          │
│ sky130_fd_sc_hd__a311o                                                                                                          │ 4                          │
│ sky130_fd_sc_hd__a31o                                                                                                           │ 12                         │
│ sky130_fd_sc_hd__a31oi                                                                                                          │ 6                          │
│ sky130_fd_sc_hd__and2                                                                                                           │ 47                         │
│ sky130_fd_sc_hd__and2b                                                                                                          │ 3                          │
│ sky130_fd_sc_hd__and3                                                                                                           │ 26                         │
│ sky130_fd_sc_hd__and3b                                                                                                          │ 1                          │
│ sky130_fd_sc_hd__and4                                                                                                           │ 4                          │
│ sky130_fd_sc_hd__buf                                                                                                            │ 107                        │
│ sky130_fd_sc_hd__bufinv                                                                                                         │ 1                          │
│ sky130_fd_sc_hd__clkbuf                                                                                                         │ 148                        │
│ sky130_fd_sc_hd__clkinv                                                                                                         │ 3                          │
│ sky130_fd_sc_hd__clkinvlp                                                                                                       │ 2                          │
│ sky130_fd_sc_hd__decap                                                                                                          │ 1062                       │
│ sky130_fd_sc_hd__dfxtp                                                                                                          │ 64                         │
│ sky130_fd_sc_hd__diode                                                                                                          │ 435                        │
│ sky130_fd_sc_hd__dlymetal6s2s                                                                                                   │ 26                         │
│ sky130_fd_sc_hd__fill                                                                                                           │ 687                        │
│ sky130_fd_sc_hd__inv                                                                                                            │ 24                         │
│ sky130_fd_sc_hd__nand2                                                                                                          │ 115                        │
│ sky130_fd_sc_hd__nand2b                                                                                                         │ 3                          │
│ sky130_fd_sc_hd__nand3                                                                                                          │ 43                         │
│ sky130_fd_sc_hd__nand3b                                                                                                         │ 21                         │
│ sky130_fd_sc_hd__nand4                                                                                                          │ 16                         │
│ sky130_fd_sc_hd__nand4b                                                                                                         │ 3                          │
│ sky130_fd_sc_hd__nor2                                                                                                           │ 74                         │
│ sky130_fd_sc_hd__nor3                                                                                                           │ 26                         │
│ sky130_fd_sc_hd__nor3b                                                                                                          │ 1                          │
│ sky130_fd_sc_hd__nor4                                                                                                           │ 3                          │
│ sky130_fd_sc_hd__o2111a                                                                                                         │ 3                          │
│ sky130_fd_sc_hd__o2111ai                                                                                                        │ 12                         │
│ sky130_fd_sc_hd__o211a                                                                                                          │ 14                         │
│ sky130_fd_sc_hd__o211ai                                                                                                         │ 51                         │
│ sky130_fd_sc_hd__o21a                                                                                                           │ 45                         │
│ sky130_fd_sc_hd__o21ai                                                                                                          │ 93                         │
│ sky130_fd_sc_hd__o21ba                                                                                                          │ 7                          │
│ sky130_fd_sc_hd__o21bai                                                                                                         │ 39                         │
│ sky130_fd_sc_hd__o221ai                                                                                                         │ 10                         │
│ sky130_fd_sc_hd__o22a                                                                                                           │ 2                          │
│ sky130_fd_sc_hd__o22ai                                                                                                          │ 3                          │
│ sky130_fd_sc_hd__o2bb2a                                                                                                         │ 2                          │
│ sky130_fd_sc_hd__o2bb2ai                                                                                                        │ 1                          │
│ sky130_fd_sc_hd__o311a                                                                                                          │ 1                          │
│ sky130_fd_sc_hd__o311ai                                                                                                         │ 1                          │
│ sky130_fd_sc_hd__o31a                                                                                                           │ 9                          │
│ sky130_fd_sc_hd__o31ai                                                                                                          │ 2                          │
│ sky130_fd_sc_hd__o41a                                                                                                           │ 1                          │
│ sky130_fd_sc_hd__or2                                                                                                            │ 14                         │
│ sky130_fd_sc_hd__or3                                                                                                            │ 14                         │
│ sky130_fd_sc_hd__or3b                                                                                                           │ 7                          │
│ sky130_fd_sc_hd__or4                                                                                                            │ 1                          │
│ sky130_fd_sc_hd__or4b                                                                                                           │ 1                          │
│ sky130_fd_sc_hd__or4bb                                                                                                          │ 1                          │
│ sky130_fd_sc_hd__tapvpwrvgnd                                                                                                    │ 423                        │
│ sky130_fd_sc_hd__xnor2                                                                                                          │ 3                          │
│ sky130_fd_sc_hd__xor2                                                                                                           │ 2                          │
└─────────────────────────────────────────────────────────────────────────────────────────────────────────────────────────────────┴────────────────────────────┘
