
===========================================================================
 report_power
============================================================================
======================= min_tt_025C_1v80 Corner ===================================

Group                    Internal    Switching      Leakage        Total
                            Power        Power        Power        Power (Watts)
------------------------------------------------------------------------
Sequential           1.956581e-03 1.380340e-04 3.730425e-09 2.094619e-03  21.7%
Combinational        2.221633e-03 3.292909e-03 4.292306e-08 5.514584e-03  57.1%
Clock                1.027856e-03 1.019466e-03 1.230848e-08 2.047334e-03  21.2%
Macro                0.000000e+00 0.000000e+00 0.000000e+00 0.000000e+00   0.0%
Pad                  0.000000e+00 0.000000e+00 0.000000e+00 0.000000e+00   0.0%
------------------------------------------------------------------------
Total                5.206071e-03 4.450414e-03 5.896195e-08 9.656544e-03 100.0%
                            53.9%        46.1%         0.0%

