
===========================================================================
 report_power
============================================================================
======================= nom_tt_025C_1v80 Corner ===================================

Group                    Internal    Switching      Leakage        Total
                            Power        Power        Power        Power (Watts)
------------------------------------------------------------------------
Sequential           1.960899e-03 1.512814e-04 3.730241e-09 2.112184e-03  26.7%
Combinational        1.656374e-03 2.449262e-03 3.590557e-08 4.105672e-03  51.8%
Clock                8.963191e-04 8.102049e-04 2.657626e-09 1.706527e-03  21.5%
Macro                0.000000e+00 0.000000e+00 0.000000e+00 0.000000e+00   0.0%
Pad                  0.000000e+00 0.000000e+00 0.000000e+00 0.000000e+00   0.0%
------------------------------------------------------------------------
Total                4.513587e-03 3.410748e-03 4.229354e-08 7.924377e-03 100.0%
                            57.0%        43.0%         0.0%
Writing metric power__internal__total: 0.00451358687132597
Writing metric power__switching__total: 0.0034107479732483625
Writing metric power__leakage__total: 4.229353578466544e-8
Writing metric power__total: 0.007924376986920834

