
===========================================================================
 report_power
============================================================================
======================= nom_tt_025C_1v80 Corner ===================================

Group                    Internal    Switching      Leakage        Total
                            Power        Power        Power        Power (Watts)
------------------------------------------------------------------------
Sequential           2.809416e-04 1.053841e-05 5.332106e-10 2.914806e-04  16.5%
Combinational        4.648623e-04 6.975632e-04 9.885520e-09 1.162435e-03  65.9%
Clock                1.919492e-04 1.167803e-04 6.185754e-10 3.087301e-04  17.5%
Macro                0.000000e+00 0.000000e+00 0.000000e+00 0.000000e+00   0.0%
Pad                  0.000000e+00 0.000000e+00 0.000000e+00 0.000000e+00   0.0%
------------------------------------------------------------------------
Total                9.377533e-04 8.248817e-04 1.103732e-08 1.762646e-03 100.0%
                            53.2%        46.8%         0.0%
Writing metric power__internal__total: 0.0009377532987855375
Writing metric power__switching__total: 0.0008248817175626755
Writing metric power__leakage__total: 1.1037319502804621e-8
Writing metric power__total: 0.0017626461340114474

