Clock: clk
Sources: clk 
Generated: no
Virtual: yes
Propagated: no
Period: 10.000000

===========================================================================
report_clock_properties
============================================================================
Clock                   Period          Waveform
----------------------------------------------------
clk                  10.000000    0.000000  5.000000

===========================================================================
report_clock_latency
============================================================================
Clock clk
rise -> rise
    min     max
0.000000 0.000000 source latency
0.484890         network latency _20650_/CLK
        0.638656 network latency _20484_/CLK
---------------
0.484890 0.638656 latency
        0.153765 skew

fall -> fall
    min     max
0.000000 0.000000 source latency
0.414729         network latency _20650_/CLK
        0.557826 network latency _20484_/CLK
---------------
0.414729 0.557826 latency
        0.143097 skew



===========================================================================
report_clock_min_period
============================================================================
clk period_min = 3.56 fmax = 280.77
