
===========================================================================
report_checks -unconstrained
===========================================================================
======================= max_tt_025C_1v80 Corner ===================================

Startpoint: _20781_ (rising edge-triggered flip-flop clocked by clk)
Endpoint: _20723_ (rising edge-triggered flip-flop clocked by clk)
Path Group: clk
Path Type: max

Fanout         Cap        Slew       Delay        Time   Description
---------------------------------------------------------------------------------------------
                                  0.000000    0.000000   clock clk (rise edge)
                                  0.000000    0.000000   clock source latency
     1    0.064162    0.180559    0.132616    0.132616 ^ clk (in)
                                                         clk (net)
                      0.180744    0.000000    0.132616 ^ clkbuf_0_clk/A (sky130_fd_sc_hd__clkbuf_16)
     8    0.244054    0.254678    0.320069    0.452685 ^ clkbuf_0_clk/X (sky130_fd_sc_hd__clkbuf_16)
                                                         clknet_0_clk (net)
                      0.256354    0.016776    0.469461 ^ clkbuf_3_0__f_clk/A (sky130_fd_sc_hd__clkbuf_16)
     6    0.100494    0.118386    0.253162    0.722623 ^ clkbuf_3_0__f_clk/X (sky130_fd_sc_hd__clkbuf_16)
                                                         clknet_3_0__leaf_clk (net)
                      0.118911    0.006000    0.728623 ^ clkbuf_leaf_62_clk/A (sky130_fd_sc_hd__clkbuf_8)
     5    0.021753    0.053743    0.161620    0.890243 ^ clkbuf_leaf_62_clk/X (sky130_fd_sc_hd__clkbuf_8)
                                                         clknet_leaf_62_clk (net)
                      0.053757    0.000790    0.891033 ^ _20781_/CLK (sky130_fd_sc_hd__dfxtp_4)
     2    0.013266    0.055143    0.353003    1.244037 ^ _20781_/Q (sky130_fd_sc_hd__dfxtp_4)
                                                         a_l[3] (net)
                      0.055143    0.000638    1.244675 ^ max_cap657/A (sky130_fd_sc_hd__buf_12)
    13    0.108648    0.132546    0.155232    1.399907 ^ max_cap657/X (sky130_fd_sc_hd__buf_12)
                                                         net657 (net)
                      0.142403    0.027841    1.427748 ^ max_cap656/A (sky130_fd_sc_hd__buf_12)
     9    0.070506    0.091124    0.162450    1.590198 ^ max_cap656/X (sky130_fd_sc_hd__buf_12)
                                                         net656 (net)
                      0.093899    0.012493    1.602691 ^ max_cap655/A (sky130_fd_sc_hd__buf_12)
    16    0.096653    0.119099    0.168428    1.771118 ^ max_cap655/X (sky130_fd_sc_hd__buf_12)
                                                         net655 (net)
                      0.122134    0.015017    1.786135 ^ max_cap654/A (sky130_fd_sc_hd__buf_12)
    10    0.097860    0.120899    0.175182    1.961317 ^ max_cap654/X (sky130_fd_sc_hd__buf_12)
                                                         net654 (net)
                      0.122283    0.010363    1.971680 ^ max_cap653/A (sky130_fd_sc_hd__buf_12)
    17    0.099756    0.122555    0.178913    2.150593 ^ max_cap653/X (sky130_fd_sc_hd__buf_12)
                                                         net653 (net)
                      0.124561    0.012453    2.163046 ^ _15638_/A (sky130_fd_sc_hd__nand2_1)
     1    0.002526    0.043493    0.061953    2.224999 v _15638_/Y (sky130_fd_sc_hd__nand2_1)
                                                         _06519_ (net)
                      0.043494    0.000183    2.225183 v _15643_/A (sky130_fd_sc_hd__nand2_1)
     4    0.019668    0.187103    0.157244    2.382427 ^ _15643_/Y (sky130_fd_sc_hd__nand2_1)
                                                         _06524_ (net)
                      0.187113    0.001132    2.383559 ^ _15644_/B1 (sky130_fd_sc_hd__o21ai_1)
     1    0.003453    0.067619    0.098109    2.481668 v _15644_/Y (sky130_fd_sc_hd__o21ai_1)
                                                         _06525_ (net)
                      0.067619    0.000147    2.481815 v _15645_/A (sky130_fd_sc_hd__nand2_1)
     1    0.006009    0.072986    0.083477    2.565292 ^ _15645_/Y (sky130_fd_sc_hd__nand2_1)
                                                         _06526_ (net)
                      0.072988    0.000442    2.565734 ^ _15647_/C1 (sky130_fd_sc_hd__o211ai_2)
     2    0.012554    0.117142    0.113340    2.679074 v _15647_/Y (sky130_fd_sc_hd__o211ai_2)
                                                         _06528_ (net)
                      0.117144    0.000612    2.679685 v max_cap354/A (sky130_fd_sc_hd__buf_6)
     6    0.039747    0.048553    0.172378    2.852063 v max_cap354/X (sky130_fd_sc_hd__buf_6)
                                                         net354 (net)
                      0.048832    0.003134    2.855197 v _15669_/A1 (sky130_fd_sc_hd__a21o_4)
     2    0.020814    0.053505    0.223577    3.078774 v _15669_/X (sky130_fd_sc_hd__a21o_4)
                                                         _06550_ (net)
                      0.053579    0.001433    3.080207 v _15673_/A2 (sky130_fd_sc_hd__a21oi_4)
     4    0.023281    0.203316    0.223838    3.304045 ^ _15673_/Y (sky130_fd_sc_hd__a21oi_4)
                                                         _06554_ (net)
                      0.203398    0.001358    3.305403 ^ _15696_/B1 (sky130_fd_sc_hd__a21oi_4)
     3    0.024445    0.072101    0.080866    3.386270 v _15696_/Y (sky130_fd_sc_hd__a21oi_4)
                                                         _06576_ (net)
                      0.072160    0.001670    3.387940 v rebuffer275/A (sky130_fd_sc_hd__buf_1)
     1    0.004449    0.035299    0.107262    3.495202 v rebuffer275/X (sky130_fd_sc_hd__buf_1)
                                                         net1110 (net)
                      0.035301    0.000331    3.495533 v _15755_/B1 (sky130_fd_sc_hd__a21oi_2)
     2    0.008897    0.140280    0.136370    3.631902 ^ _15755_/Y (sky130_fd_sc_hd__a21oi_2)
                                                         _06635_ (net)
                      0.140280    0.000461    3.632364 ^ max_cap231/A (sky130_fd_sc_hd__clkbuf_1)
     2    0.006720    0.088052    0.135479    3.767843 ^ max_cap231/X (sky130_fd_sc_hd__clkbuf_1)
                                                         net231 (net)
                      0.088053    0.000457    3.768301 ^ _15849_/A1_N (sky130_fd_sc_hd__a2bb2oi_1)
     2    0.016307    0.383605    0.365995    4.134295 ^ _15849_/Y (sky130_fd_sc_hd__a2bb2oi_1)
                                                         _06728_ (net)
                      0.383629    0.002490    4.136786 ^ _16065_/B1 (sky130_fd_sc_hd__a32oi_1)
     1    0.008262    0.134142    0.146255    4.283040 v _16065_/Y (sky130_fd_sc_hd__a32oi_1)
                                                         _06942_ (net)
                      0.134145    0.000753    4.283793 v _16069_/C (sky130_fd_sc_hd__nand3_1)
     3    0.008599    0.112683    0.153371    4.437164 ^ _16069_/Y (sky130_fd_sc_hd__nand3_1)
                                                         _06946_ (net)
                      0.112683    0.000503    4.437667 ^ _16183_/B1 (sky130_fd_sc_hd__o2111a_1)
     2    0.012951    0.137849    0.266873    4.704540 ^ _16183_/X (sky130_fd_sc_hd__o2111a_1)
                                                         _07058_ (net)
                      0.137852    0.000913    4.705453 ^ _16185_/A2_N (sky130_fd_sc_hd__o2bb2ai_4)
     5    0.026756    0.211905    0.172538    4.877992 ^ _16185_/Y (sky130_fd_sc_hd__o2bb2ai_4)
                                                         _07060_ (net)
                      0.212005    0.003586    4.881578 ^ _16565_/A (sky130_fd_sc_hd__nand2_4)
     2    0.040296    0.117558    0.135949    5.017527 v _16565_/Y (sky130_fd_sc_hd__nand2_4)
                                                         _07438_ (net)
                      0.117813    0.004503    5.022029 v _16716_/B2 (sky130_fd_sc_hd__a22oi_4)
     3    0.027201    0.257765    0.270482    5.292511 ^ _16716_/Y (sky130_fd_sc_hd__a22oi_4)
                                                         _07587_ (net)
                      0.257919    0.003215    5.295726 ^ _17761_/A1 (sky130_fd_sc_hd__a21oi_4)
     3    0.024135    0.097828    0.127113    5.422840 v _17761_/Y (sky130_fd_sc_hd__a21oi_4)
                                                         _08624_ (net)
                      0.097849    0.001137    5.423976 v rebuffer245/A (sky130_fd_sc_hd__clkbuf_1)
     1    0.005000    0.038374    0.121136    5.545113 v rebuffer245/X (sky130_fd_sc_hd__clkbuf_1)
                                                         net1080 (net)
                      0.038375    0.000232    5.545345 v _17808_/A2 (sky130_fd_sc_hd__o31ai_2)
     2    0.005708    0.211172    0.236181    5.781526 ^ _17808_/Y (sky130_fd_sc_hd__o31ai_2)
                                                         _08670_ (net)
                      0.211172    0.000370    5.781896 ^ max_cap132/A (sky130_fd_sc_hd__clkbuf_1)
     1    0.003004    0.047855    0.116002    5.897898 ^ max_cap132/X (sky130_fd_sc_hd__clkbuf_1)
                                                         net132 (net)
                      0.047855    0.000219    5.898118 ^ _17810_/A2 (sky130_fd_sc_hd__o21a_1)
     1    0.028060    0.267687    0.263797    6.161914 ^ _17810_/X (sky130_fd_sc_hd__o21a_1)
                                                         _00363_ (net)
                      0.267714    0.002250    6.164165 ^ _20723_/D (sky130_fd_sc_hd__dfxtp_1)
                                              6.164165   data arrival time

                                 10.000000   10.000000   clock clk (rise edge)
                                  0.000000   10.000000   clock source latency
     1    0.064162    0.180559    0.132616   10.132616 ^ clk (in)
                                                         clk (net)
                      0.180744    0.000000   10.132616 ^ clkbuf_0_clk/A (sky130_fd_sc_hd__clkbuf_16)
     8    0.244054    0.254678    0.320069   10.452685 ^ clkbuf_0_clk/X (sky130_fd_sc_hd__clkbuf_16)
                                                         clknet_0_clk (net)
                      0.256535    0.017619   10.470304 ^ clkbuf_3_6__f_clk/A (sky130_fd_sc_hd__clkbuf_16)
    10    0.135686    0.149562    0.276819   10.747123 ^ clkbuf_3_6__f_clk/X (sky130_fd_sc_hd__clkbuf_16)
                                                         clknet_3_6__leaf_clk (net)
                      0.150189    0.007780   10.754902 ^ clkbuf_leaf_15_clk/A (sky130_fd_sc_hd__clkbuf_8)
     8    0.041904    0.085267    0.195734   10.950636 ^ clkbuf_leaf_15_clk/X (sky130_fd_sc_hd__clkbuf_8)
                                                         clknet_leaf_15_clk (net)
                      0.085290    0.001361   10.951997 ^ _20723_/CLK (sky130_fd_sc_hd__dfxtp_1)
                                 -0.200000   10.751997   clock uncertainty
                                  0.000000   10.751997   clock reconvergence pessimism
                                 -0.099271   10.652726   library setup time
                                             10.652726   data required time
---------------------------------------------------------------------------------------------
                                             10.652726   data required time
                                             -6.164165   data arrival time
---------------------------------------------------------------------------------------------
                                              4.488562   slack (MET)




===========================================================================
report_checks --slack_max -0.01
============================================================================
======================= max_tt_025C_1v80 Corner ===================================

No paths found.


===========================================================================
 report_check_types -max_slew -max_cap -max_fanout -violators
============================================================================
======================= max_tt_025C_1v80 Corner ===================================



===========================================================================
report_parasitic_annotation -report_unannotated
============================================================================
Found 55 unannotated drivers.
 clkload0/Y
 clkload1/Y
 clkload10/Y
 clkload11/Y
 clkload12/Y
 clkload13/Y
 clkload14/Y
 clkload15/X
 clkload16/Y
 clkload17/X
 clkload18/X
 clkload19/X
 clkload2/Y
 clkload20/X
 clkload21/Y
 clkload22/Y
 clkload23/Y
 clkload24/X
 clkload25/X
 clkload26/Y
 clkload27/X
 clkload28/X
 clkload29/Y
 clkload3/Y
 clkload30/Y
 clkload31/Y
 clkload32/Y
 clkload33/Y
 clkload34/Y
 clkload35/Y
 clkload36/Y
 clkload37/Y
 clkload38/Y
 clkload39/Y
 clkload4/Y
 clkload40/Y
 clkload41/Y
 clkload42/Y
 clkload43/Y
 clkload44/X
 clkload45/Y
 clkload46/Y
 clkload47/X
 clkload48/Y
 clkload49/X
 clkload5/Y
 clkload50/Y
 clkload51/Y
 clkload52/Y
 clkload53/X
 clkload54/Y
 clkload6/Y
 clkload7/Y
 clkload8/Y
 clkload9/Y
Found 0 partially unannotated drivers.

===========================================================================
max slew violation count 0
max fanout violation count 0
max cap violation count 0
============================================================================

===========================================================================
check_setup -verbose -unconstrained_endpoints -multiple_clock -no_clock -no_input_delay -loops -generated_clocks
===========================================================================
