
===========================================================================
 report_power
============================================================================
======================= max_tt_025C_1v80 Corner ===================================

Group                    Internal    Switching      Leakage        Total
                            Power        Power        Power        Power (Watts)
------------------------------------------------------------------------
Sequential           1.957514e-03 1.423973e-04 3.727352e-09 2.099915e-03  21.4%
Combinational        2.283567e-03 3.529339e-03 4.375534e-08 5.812950e-03  59.2%
Clock                9.115896e-04 1.000414e-03 1.111636e-08 1.912015e-03  19.5%
Macro                0.000000e+00 0.000000e+00 0.000000e+00 0.000000e+00   0.0%
Pad                  0.000000e+00 0.000000e+00 0.000000e+00 0.000000e+00   0.0%
------------------------------------------------------------------------
Total                5.152666e-03 4.672152e-03 5.859893e-08 9.824878e-03 100.0%
                            52.4%        47.6%         0.0%

