
===========================================================================
 report_power
============================================================================
======================= nom_tt_025C_1v80 Corner ===================================

Group                    Internal    Switching      Leakage        Total
                            Power        Power        Power        Power (Watts)
------------------------------------------------------------------------
Sequential           2.968683e-04 1.313280e-05 5.349547e-10 3.100017e-04  26.8%
Combinational        2.484021e-04 3.726389e-04 3.900604e-09 6.210449e-04  53.7%
Clock                1.256088e-04 1.002059e-04 1.001329e-09 2.258156e-04  19.5%
Macro                0.000000e+00 0.000000e+00 0.000000e+00 0.000000e+00   0.0%
Pad                  0.000000e+00 0.000000e+00 0.000000e+00 0.000000e+00   0.0%
------------------------------------------------------------------------
Total                6.708792e-04 4.859775e-04 5.436872e-09 1.156862e-03 100.0%
                            58.0%        42.0%         0.0%
Writing metric power__internal__total: 0.0006708792061544955
Writing metric power__switching__total: 0.0004859775071963668
Writing metric power__leakage__total: 5.4368718416242245e-9
Writing metric power__total: 0.001156862243078649

