Clock: clk
Sources: clk 
Generated: no
Virtual: yes
Propagated: no
Period: 10.000000

===========================================================================
report_clock_properties
============================================================================
Clock                   Period          Waveform
----------------------------------------------------
clk                  10.000000    0.000000  5.000000

===========================================================================
report_clock_latency
============================================================================
Clock clk
rise -> rise
    min     max
0.000000 0.000000 source latency
0.324255         network latency _1994_/CLK
        0.356021 network latency _1944_/CLK
---------------
0.324255 0.356021 latency
        0.031766 skew

fall -> fall
    min     max
0.000000 0.000000 source latency
0.328519         network latency _1994_/CLK
        0.351260 network latency _1944_/CLK
---------------
0.328519 0.351260 latency
        0.022740 skew



===========================================================================
report_clock_min_period
============================================================================
clk period_min = 0.00 fmax = inf
