
===========================================================================
 report_power
============================================================================
======================= nom_tt_025C_1v80 Corner ===================================

Group                    Internal    Switching      Leakage        Total
                            Power        Power        Power        Power (Watts)
------------------------------------------------------------------------
Sequential           1.958993e-03 1.315257e-04 3.725022e-09 2.090523e-03  22.7%
Combinational        2.104513e-03 3.027220e-03 4.118412e-08 5.131774e-03  55.6%
Clock                1.049004e-03 9.543696e-04 1.969033e-09 2.003375e-03  21.7%
Macro                0.000000e+00 0.000000e+00 0.000000e+00 0.000000e+00   0.0%
Pad                  0.000000e+00 0.000000e+00 0.000000e+00 0.000000e+00   0.0%
------------------------------------------------------------------------
Total                5.112512e-03 4.113114e-03 4.687824e-08 9.225672e-03 100.0%
                            55.4%        44.6%         0.0%
Writing metric power__internal__total: 0.005112511571496725
Writing metric power__switching__total: 0.0041131144389510155
Writing metric power__leakage__total: 4.687823818017023e-8
Writing metric power__total: 0.009225672110915184

