Clock: clk
Sources: clk 
Generated: no
Virtual: yes
Propagated: no
Period: 10.000000

===========================================================================
report_clock_properties
============================================================================
Clock                   Period          Waveform
----------------------------------------------------
clk                  10.000000    0.000000  5.000000

===========================================================================
report_clock_latency
============================================================================
Clock clk
rise -> rise
    min     max
0.000000 0.000000 source latency
0.489412         network latency _20800_/CLK
        0.678191 network latency _20618_/CLK
---------------
0.489412 0.678191 latency
        0.188779 skew

fall -> fall
    min     max
0.000000 0.000000 source latency
0.450713         network latency _20800_/CLK
        0.630242 network latency _20618_/CLK
---------------
0.450713 0.630242 latency
        0.179529 skew



===========================================================================
report_clock_min_period
============================================================================
clk period_min = 6.24 fmax = 160.24
