
===========================================================================
 report_power
============================================================================
======================= nom_ss_100C_1v60 Corner ===================================

Group                    Internal    Switching      Leakage        Total
                            Power        Power        Power        Power (Watts)
------------------------------------------------------------------------
Sequential           1.527479e-03 1.375367e-04 6.463691e-06 1.671479e-03  20.1%
Combinational        1.718673e-03 2.633185e-03 4.843930e-05 4.400297e-03  52.8%
Clock                1.294303e-03 9.605920e-04 2.126483e-06 2.257022e-03  27.1%
Macro                0.000000e+00 0.000000e+00 0.000000e+00 0.000000e+00   0.0%
Pad                  0.000000e+00 0.000000e+00 0.000000e+00 0.000000e+00   0.0%
------------------------------------------------------------------------
Total                4.540448e-03 3.731313e-03 5.702956e-05 8.328791e-03 100.0%
                            54.5%        44.8%         0.7%

