
===========================================================================
 report_power
============================================================================
======================= max_ff_n40C_1v95 Corner ===================================

Group                    Internal    Switching      Leakage        Total
                            Power        Power        Power        Power (Watts)
------------------------------------------------------------------------
Sequential           2.273736e-03 2.162241e-04 7.429613e-09 2.489968e-03  20.5%
Combinational        2.276779e-03 4.060593e-03 1.257534e-07 6.337498e-03  52.1%
Clock                1.820794e-03 1.509128e-03 3.191688e-08 3.329954e-03  27.4%
Macro                0.000000e+00 0.000000e+00 0.000000e+00 0.000000e+00   0.0%
Pad                  0.000000e+00 0.000000e+00 0.000000e+00 0.000000e+00   0.0%
------------------------------------------------------------------------
Total                6.371301e-03 5.785957e-03 1.650975e-07 1.215742e-02 100.0%
                            52.4%        47.6%         0.0%

