
===========================================================================
report_checks -unconstrained
===========================================================================
======================= nom_ff_n40C_1v95 Corner ===================================

Startpoint: _20790_ (rising edge-triggered flip-flop clocked by clk)
Endpoint: _20728_ (rising edge-triggered flip-flop clocked by clk)
Path Group: clk
Path Type: max

Fanout         Cap        Slew       Delay        Time   Description
---------------------------------------------------------------------------------------------
                                  0.000000    0.000000   clock clk (rise edge)
                                  0.000000    0.000000   clock source latency
     2    0.063353    0.134316    0.095350    0.095350 ^ clk (in)
                                                         clk (net)
                      0.134433    0.000000    0.095350 ^ clkbuf_0_clk/A (sky130_fd_sc_hd__clkbuf_16)
     8    0.175516    0.144955    0.193873    0.289223 ^ clkbuf_0_clk/X (sky130_fd_sc_hd__clkbuf_16)
                                                         clknet_0_clk (net)
                      0.145216    0.004989    0.294212 ^ clkbuf_3_3_0_clk/A (sky130_fd_sc_hd__clkbuf_8)
     8    0.100670    0.136015    0.187273    0.481484 ^ clkbuf_3_3_0_clk/X (sky130_fd_sc_hd__clkbuf_8)
                                                         clknet_3_3_0_clk (net)
                      0.136091    0.002660    0.484145 ^ clkbuf_leaf_3_clk/A (sky130_fd_sc_hd__clkbuf_8)
     4    0.051345    0.075780    0.143219    0.627363 ^ clkbuf_leaf_3_clk/X (sky130_fd_sc_hd__clkbuf_8)
                                                         clknet_leaf_3_clk (net)
                      0.075822    0.001649    0.629012 ^ _20790_/CLK (sky130_fd_sc_hd__dfxtp_4)
     3    0.034755    0.081306    0.261624    0.890636 ^ _20790_/Q (sky130_fd_sc_hd__dfxtp_4)
                                                         a_l[12] (net)
                      0.081417    0.002690    0.893325 ^ max_cap569/A (sky130_fd_sc_hd__buf_12)
    10    0.077072    0.073635    0.109038    1.002363 ^ max_cap569/X (sky130_fd_sc_hd__buf_12)
                                                         net569 (net)
                      0.073794    0.002763    1.005127 ^ wire568/A (sky130_fd_sc_hd__buf_12)
     9    0.098893    0.091789    0.118520    1.123647 ^ wire568/X (sky130_fd_sc_hd__buf_12)
                                                         net568 (net)
                      0.092539    0.006644    1.130291 ^ max_cap567/A (sky130_fd_sc_hd__buf_12)
     8    0.098039    0.091253    0.119367    1.249657 ^ max_cap567/X (sky130_fd_sc_hd__buf_12)
                                                         net567 (net)
                      0.093119    0.010314    1.259972 ^ max_cap566/A (sky130_fd_sc_hd__buf_12)
     7    0.083466    0.079507    0.109251    1.369223 ^ max_cap566/X (sky130_fd_sc_hd__buf_12)
                                                         net566 (net)
                      0.081914    0.010802    1.380025 ^ rebuffer234/A (sky130_fd_sc_hd__buf_12)
     1    0.037554    0.042827    0.086157    1.466182 ^ rebuffer234/X (sky130_fd_sc_hd__buf_12)
                                                         net1034 (net)
                      0.043159    0.002955    1.469137 ^ _10196_/A (sky130_fd_sc_hd__inv_12)
    22    0.212467    0.071771    0.050236    1.519373 v _10196_/Y (sky130_fd_sc_hd__inv_12)
                                                         _09319_ (net)
                      0.088920    0.027173    1.546546 v _16364_/B1 (sky130_fd_sc_hd__o2bb2ai_1)
     1    0.006564    0.125496    0.146131    1.692677 ^ _16364_/Y (sky130_fd_sc_hd__o2bb2ai_1)
                                                         _07238_ (net)
                      0.125496    0.000230    1.692907 ^ _16366_/B (sky130_fd_sc_hd__nand3_2)
     6    0.024795    0.110657    0.110034    1.802942 v _16366_/Y (sky130_fd_sc_hd__nand3_2)
                                                         _07240_ (net)
                      0.110674    0.001088    1.804029 v _16495_/B1 (sky130_fd_sc_hd__o21ai_1)
     2    0.009827    0.154542    0.124102    1.928132 ^ _16495_/Y (sky130_fd_sc_hd__o21ai_1)
                                                         _07368_ (net)
                      0.154543    0.000304    1.928435 ^ _16497_/B (sky130_fd_sc_hd__nand2_1)
     2    0.018647    0.095331    0.103867    2.032302 v _16497_/Y (sky130_fd_sc_hd__nand2_1)
                                                         _07370_ (net)
                      0.095348    0.001072    2.033374 v _16535_/A (sky130_fd_sc_hd__nand3_4)
     6    0.022743    0.080662    0.088078    2.121452 ^ _16535_/Y (sky130_fd_sc_hd__nand3_4)
                                                         _07408_ (net)
                      0.080664    0.000728    2.122180 ^ _16536_/B1 (sky130_fd_sc_hd__o21ai_1)
     1    0.002486    0.041270    0.026596    2.148777 v _16536_/Y (sky130_fd_sc_hd__o21ai_1)
                                                         _07409_ (net)
                      0.041270    0.000070    2.148847 v _16540_/A (sky130_fd_sc_hd__nand2_1)
     2    0.017575    0.127852    0.110011    2.258858 ^ _16540_/Y (sky130_fd_sc_hd__nand2_1)
                                                         _07413_ (net)
                      0.127858    0.000758    2.259616 ^ _16543_/C (sky130_fd_sc_hd__nand3_4)
     7    0.024870    0.075747    0.075508    2.335124 v _16543_/Y (sky130_fd_sc_hd__nand3_4)
                                                         _07416_ (net)
                      0.075778    0.000564    2.335688 v _16579_/A2 (sky130_fd_sc_hd__a21oi_1)
     1    0.009752    0.170293    0.179940    2.515628 ^ _16579_/Y (sky130_fd_sc_hd__a21oi_1)
                                                         _07451_ (net)
                      0.170294    0.000310    2.515938 ^ _16693_/A (sky130_fd_sc_hd__nand3_4)
     7    0.019310    0.077972    0.073336    2.589274 v _16693_/Y (sky130_fd_sc_hd__nand3_4)
                                                         _07565_ (net)
                      0.077973    0.000624    2.589898 v _16699_/A2 (sky130_fd_sc_hd__a21o_1)
     2    0.006045    0.033455    0.137611    2.727509 v _16699_/X (sky130_fd_sc_hd__a21o_1)
                                                         _07571_ (net)
                      0.033455    0.000148    2.727657 v _16701_/C (sky130_fd_sc_hd__nand3_1)
     2    0.008911    0.086028    0.083807    2.811465 ^ _16701_/Y (sky130_fd_sc_hd__nand3_1)
                                                         _07573_ (net)
                      0.086028    0.000140    2.811605 ^ _16703_/A1 (sky130_fd_sc_hd__a21bo_1)
     4    0.014167    0.094093    0.118217    2.929822 ^ _16703_/X (sky130_fd_sc_hd__a21bo_1)
                                                         _07575_ (net)
                      0.094093    0.000403    2.930225 ^ _16705_/A (sky130_fd_sc_hd__nand2_1)
     1    0.009810    0.056919    0.061116    2.991340 v _16705_/Y (sky130_fd_sc_hd__nand2_1)
                                                         _07577_ (net)
                      0.056922    0.000313    2.991654 v _16712_/A2 (sky130_fd_sc_hd__a21oi_4)
     2    0.030895    0.187766    0.191331    3.182985 ^ _16712_/Y (sky130_fd_sc_hd__a21oi_4)
                                                         _07583_ (net)
                      0.187773    0.000882    3.183867 ^ _16716_/B1 (sky130_fd_sc_hd__a22oi_4)
     3    0.035357    0.087833    0.077649    3.261516 v _16716_/Y (sky130_fd_sc_hd__a22oi_4)
                                                         _07587_ (net)
                      0.088137    0.004208    3.265724 v _17761_/A1 (sky130_fd_sc_hd__a21oi_4)
     3    0.037921    0.219645    0.212588    3.478311 ^ _17761_/Y (sky130_fd_sc_hd__a21oi_4)
                                                         _08624_ (net)
                      0.219713    0.003054    3.481365 ^ _17917_/A1 (sky130_fd_sc_hd__o21bai_4)
     2    0.013647    0.059420    0.059934    3.541299 v _17917_/Y (sky130_fd_sc_hd__o21bai_4)
                                                         _08776_ (net)
                      0.059422    0.000560    3.541859 v _17949_/A (sky130_fd_sc_hd__nand2_2)
     1    0.005736    0.042003    0.051761    3.593620 ^ _17949_/Y (sky130_fd_sc_hd__nand2_2)
                                                         _08806_ (net)
                      0.042003    0.000184    3.593805 ^ _17952_/A1 (sky130_fd_sc_hd__a21oi_2)
     1    0.005467    0.037055    0.030736    3.624540 v _17952_/Y (sky130_fd_sc_hd__a21oi_2)
                                                         _08809_ (net)
                      0.037056    0.000180    3.624721 v _17954_/B (sky130_fd_sc_hd__nor3_2)
     1    0.016750    0.229471    0.204627    3.829347 ^ _17954_/Y (sky130_fd_sc_hd__nor3_2)
                                                         _00368_ (net)
                      0.229565    0.001324    3.830672 ^ _20728_/D (sky130_fd_sc_hd__dfxtp_1)
                                              3.830672   data arrival time

                                 10.000000   10.000000   clock clk (rise edge)
                                  0.000000   10.000000   clock source latency
     2    0.063353    0.134316    0.095350   10.095349 ^ clk (in)
                                                         clk (net)
                      0.134433    0.000000   10.095349 ^ clkbuf_0_clk/A (sky130_fd_sc_hd__clkbuf_16)
     8    0.175516    0.144955    0.193873   10.289223 ^ clkbuf_0_clk/X (sky130_fd_sc_hd__clkbuf_16)
                                                         clknet_0_clk (net)
                      0.145216    0.004989   10.294212 ^ clkbuf_3_3_0_clk/A (sky130_fd_sc_hd__clkbuf_8)
     8    0.100670    0.136015    0.187272   10.481484 ^ clkbuf_3_3_0_clk/X (sky130_fd_sc_hd__clkbuf_8)
                                                         clknet_3_3_0_clk (net)
                      0.136322    0.005241   10.486726 ^ clkbuf_leaf_12_clk/A (sky130_fd_sc_hd__clkbuf_8)
    23    0.068653    0.096746    0.158507   10.645232 ^ clkbuf_leaf_12_clk/X (sky130_fd_sc_hd__clkbuf_8)
                                                         clknet_leaf_12_clk (net)
                      0.096761    0.001256   10.646488 ^ _20728_/CLK (sky130_fd_sc_hd__dfxtp_1)
                                 -0.200000   10.446488   clock uncertainty
                                  0.000000   10.446488   clock reconvergence pessimism
                                 -0.044434   10.402055   library setup time
                                             10.402055   data required time
---------------------------------------------------------------------------------------------
                                             10.402055   data required time
                                             -3.830672   data arrival time
---------------------------------------------------------------------------------------------
                                              6.571383   slack (MET)




===========================================================================
report_checks --slack_max -0.01
============================================================================
======================= nom_ff_n40C_1v95 Corner ===================================

No paths found.


===========================================================================
 report_check_types -max_slew -max_cap -max_fanout -violators
============================================================================
======================= nom_ff_n40C_1v95 Corner ===================================



===========================================================================
report_parasitic_annotation -report_unannotated
============================================================================
Found 55 unannotated drivers.
 clkload0/Y
 clkload1/Y
 clkload10/Y
 clkload11/Y
 clkload12/X
 clkload13/Y
 clkload14/X
 clkload15/Y
 clkload16/Y
 clkload17/Y
 clkload18/Y
 clkload19/Y
 clkload2/Y
 clkload20/Y
 clkload21/Y
 clkload22/Y
 clkload23/Y
 clkload24/Y
 clkload25/Y
 clkload26/Y
 clkload27/Y
 clkload28/Y
 clkload29/Y
 clkload3/Y
 clkload30/Y
 clkload31/Y
 clkload32/Y
 clkload33/Y
 clkload34/Y
 clkload35/Y
 clkload36/Y
 clkload37/Y
 clkload38/Y
 clkload39/Y
 clkload4/Y
 clkload40/Y
 clkload41/Y
 clkload42/Y
 clkload43/Y
 clkload44/Y
 clkload45/Y
 clkload46/Y
 clkload47/Y
 clkload48/Y
 clkload49/Y
 clkload5/Y
 clkload50/Y
 clkload51/Y
 clkload52/Y
 clkload53/Y
 clkload54/Y
 clkload6/X
 clkload7/X
 clkload8/Y
 clkload9/X
Found 0 partially unannotated drivers.

===========================================================================
max slew violation count 0
max fanout violation count 0
max cap violation count 0
============================================================================

===========================================================================
check_setup -verbose -unconstrained_endpoints -multiple_clock -no_clock -no_input_delay -loops -generated_clocks
===========================================================================
