
===========================================================================
 report_power
============================================================================
======================= max_ss_100C_1v60 Corner ===================================

Group                    Internal    Switching      Leakage        Total
                            Power        Power        Power        Power (Watts)
------------------------------------------------------------------------
Sequential           2.313466e-04 1.555632e-05 9.248764e-07 2.478278e-04  24.3%
Combinational        2.033551e-04 3.365072e-04 5.112146e-06 5.449745e-04  53.4%
Clock                1.035212e-04 1.231612e-04 1.551122e-07 2.268375e-04  22.2%
Macro                0.000000e+00 0.000000e+00 0.000000e+00 0.000000e+00   0.0%
Pad                  0.000000e+00 0.000000e+00 0.000000e+00 0.000000e+00   0.0%
------------------------------------------------------------------------
Total                5.382227e-04 4.752249e-04 6.192142e-06 1.019640e-03 100.0%
                            52.8%        46.6%         0.6%

