
===========================================================================
report_checks -unconstrained
===========================================================================
======================= min_ss_100C_1v60 Corner ===================================

Startpoint: _20521_ (rising edge-triggered flip-flop clocked by clk)
Endpoint: _20439_ (rising edge-triggered flip-flop clocked by clk)
Path Group: clk
Path Type: max

Fanout         Cap        Slew       Delay        Time   Description
---------------------------------------------------------------------------------------------
                                  0.000000    0.000000   clock clk (rise edge)
                                  0.000000    0.000000   clock source latency
     2    0.058448    0.264911    0.196333    0.196333 ^ clk (in)
                                                         clk (net)
                      0.264934    0.000000    0.196333 ^ clkbuf_0_clk/A (sky130_fd_sc_hd__clkbuf_16)
     8    0.160430    0.262054    0.468066    0.664399 ^ clkbuf_0_clk/X (sky130_fd_sc_hd__clkbuf_16)
                                                         clknet_0_clk (net)
                      0.262080    0.002728    0.667127 ^ clkbuf_3_5_0_clk/A (sky130_fd_sc_hd__clkbuf_8)
    10    0.096829    0.269522    0.469019    1.136146 ^ clkbuf_3_5_0_clk/X (sky130_fd_sc_hd__clkbuf_8)
                                                         clknet_3_5_0_clk (net)
                      0.269530    0.001872    1.138019 ^ clkbuf_leaf_38_clk/A (sky130_fd_sc_hd__clkbuf_8)
    10    0.052908    0.161727    0.391640    1.529659 ^ clkbuf_leaf_38_clk/X (sky130_fd_sc_hd__clkbuf_8)
                                                         clknet_leaf_38_clk (net)
                      0.161729    0.000875    1.530534 ^ _20521_/CLK (sky130_fd_sc_hd__dfxtp_1)
     4    0.016587    0.258117    0.812091    2.342625 ^ _20521_/Q (sky130_fd_sc_hd__dfxtp_1)
                                                         term_low[16] (net)
                      0.258117    0.000671    2.343296 ^ _10263_/A (sky130_fd_sc_hd__nand2_1)
     2    0.007049    0.146653    0.222717    2.566012 v _10263_/Y (sky130_fd_sc_hd__nand2_1)
                                                         _10018_ (net)
                      0.146653    0.000085    2.566097 v _10272_/A1 (sky130_fd_sc_hd__o21ai_2)
     3    0.015978    0.350081    0.404671    2.970768 ^ _10272_/Y (sky130_fd_sc_hd__o21ai_2)
                                                         _10115_ (net)
                      0.350083    0.000737    2.971505 ^ _10277_/B (sky130_fd_sc_hd__nand2_1)
     3    0.009915    0.199363    0.293428    3.264932 v _10277_/Y (sky130_fd_sc_hd__nand2_1)
                                                         _10169_ (net)
                      0.199363    0.000147    3.265079 v _10287_/B (sky130_fd_sc_hd__nand3_1)
     2    0.008080    0.174671    0.246110    3.511189 ^ _10287_/Y (sky130_fd_sc_hd__nand3_1)
                                                         _00547_ (net)
                      0.174671    0.000099    3.511288 ^ _10289_/C1 (sky130_fd_sc_hd__o211ai_2)
     3    0.010664    0.202782    0.255227    3.766516 v _10289_/Y (sky130_fd_sc_hd__o211ai_2)
                                                         _00569_ (net)
                      0.202782    0.000221    3.766736 v _10303_/B (sky130_fd_sc_hd__nand3_1)
     2    0.005691    0.140881    0.220435    3.987171 ^ _10303_/Y (sky130_fd_sc_hd__nand3_1)
                                                         _00719_ (net)
                      0.140881    0.000066    3.987237 ^ _10307_/C1 (sky130_fd_sc_hd__o211ai_1)
     1    0.003437    0.167517    0.213295    4.200531 v _10307_/Y (sky130_fd_sc_hd__o211ai_1)
                                                         _00762_ (net)
                      0.167517    0.000043    4.200575 v _10314_/B (sky130_fd_sc_hd__nand3_1)
     3    0.008966    0.187143    0.241213    4.441788 ^ _10314_/Y (sky130_fd_sc_hd__nand3_1)
                                                         _00838_ (net)
                      0.187143    0.000093    4.441881 ^ _10317_/C1 (sky130_fd_sc_hd__o211ai_1)
     3    0.008051    0.280606    0.309453    4.751334 v _10317_/Y (sky130_fd_sc_hd__o211ai_1)
                                                         _00870_ (net)
                      0.280606    0.000079    4.751414 v _10328_/A (sky130_fd_sc_hd__nand2_1)
     1    0.005692    0.125294    0.209723    4.961136 ^ _10328_/Y (sky130_fd_sc_hd__nand2_1)
                                                         _00988_ (net)
                      0.125294    0.000069    4.961205 ^ _10344_/A1 (sky130_fd_sc_hd__a21oi_2)
     5    0.017677    0.163614    0.197501    5.158707 v _10344_/Y (sky130_fd_sc_hd__a21oi_2)
                                                         _01161_ (net)
                      0.163614    0.000361    5.159067 v _10358_/A1 (sky130_fd_sc_hd__o21ai_1)
     2    0.009437    0.363284    0.396690    5.555757 ^ _10358_/Y (sky130_fd_sc_hd__o21ai_1)
                                                         _01311_ (net)
                      0.363284    0.000095    5.555852 ^ _10373_/A1 (sky130_fd_sc_hd__a21oi_1)
     1    0.009140    0.201134    0.313742    5.869595 v _10373_/Y (sky130_fd_sc_hd__a21oi_1)
                                                         _01471_ (net)
                      0.201134    0.000329    5.869924 v wire166/A (sky130_fd_sc_hd__buf_2)
     1    0.052708    0.239594    0.466357    6.336281 v wire166/X (sky130_fd_sc_hd__buf_2)
                                                         net166 (net)
                      0.239601    0.001579    6.337860 v _10397_/A1 (sky130_fd_sc_hd__o21ai_2)
     4    0.013874    0.315844    0.416601    6.754462 ^ _10397_/Y (sky130_fd_sc_hd__o21ai_2)
                                                         _01570_ (net)
                      0.315844    0.000424    6.754886 ^ _10426_/A1 (sky130_fd_sc_hd__a21o_2)
     8    0.030509    0.250155    0.483192    7.238078 ^ _10426_/X (sky130_fd_sc_hd__a21o_2)
                                                         _01595_ (net)
                      0.250159    0.001454    7.239532 ^ _10480_/A1 (sky130_fd_sc_hd__a21o_1)
     4    0.027340    0.376178    0.505729    7.745261 ^ _10480_/X (sky130_fd_sc_hd__a21o_1)
                                                         _01641_ (net)
                      0.376185    0.002203    7.747463 ^ _10493_/A (sky130_fd_sc_hd__nand3_1)
     2    0.007836    0.258998    0.340514    8.087977 v _10493_/Y (sky130_fd_sc_hd__nand3_1)
                                                         _01651_ (net)
                      0.258998    0.000096    8.088074 v _10495_/A (sky130_fd_sc_hd__nand2_2)
     8    0.031905    0.285125    0.329786    8.417859 ^ _10495_/Y (sky130_fd_sc_hd__nand2_2)
                                                         _01653_ (net)
                      0.285127    0.001459    8.419319 ^ _10514_/A (sky130_fd_sc_hd__nand4_2)
     3    0.010981    0.259905    0.306462    8.725780 v _10514_/Y (sky130_fd_sc_hd__nand4_2)
                                                         _01665_ (net)
                      0.259905    0.000177    8.725957 v _10520_/A (sky130_fd_sc_hd__nor2_2)
     6    0.020310    0.385570    0.451561    9.177519 ^ _10520_/Y (sky130_fd_sc_hd__nor2_2)
                                                         _01669_ (net)
                      0.385570    0.000624    9.178143 ^ _10526_/A3 (sky130_fd_sc_hd__a31oi_1)
     1    0.003053    0.148564    0.290145    9.468287 v _10526_/Y (sky130_fd_sc_hd__a31oi_1)
                                                         _01672_ (net)
                      0.148564    0.000037    9.468325 v hold575/A (sky130_fd_sc_hd__dlygate4sd3_1)
     1    0.002641    0.108319    1.158416   10.626740 v hold575/X (sky130_fd_sc_hd__dlygate4sd3_1)
                                                         net1375 (net)
                      0.108319    0.000023   10.626763 v _10528_/A (sky130_fd_sc_hd__nor2_1)
     1    0.003982    0.160058    0.205646   10.832410 ^ _10528_/Y (sky130_fd_sc_hd__nor2_1)
                                                         _00079_ (net)
                      0.160058    0.000069   10.832479 ^ _20439_/D (sky130_fd_sc_hd__dfxtp_1)
                                             10.832479   data arrival time

                                 10.000000   10.000000   clock clk (rise edge)
                                  0.000000   10.000000   clock source latency
     2    0.058448    0.264911    0.196333   10.196333 ^ clk (in)
                                                         clk (net)
                      0.264934    0.000000   10.196333 ^ clkbuf_0_clk/A (sky130_fd_sc_hd__clkbuf_16)
     8    0.160430    0.262054    0.468066   10.664399 ^ clkbuf_0_clk/X (sky130_fd_sc_hd__clkbuf_16)
                                                         clknet_0_clk (net)
                      0.262066    0.002038   10.666438 ^ clkbuf_3_2_0_clk/A (sky130_fd_sc_hd__clkbuf_8)
     9    0.082267    0.233863    0.441342   11.107780 ^ clkbuf_3_2_0_clk/X (sky130_fd_sc_hd__clkbuf_8)
                                                         clknet_3_2_0_clk (net)
                      0.233939    0.004033   11.111814 ^ clkbuf_leaf_7_clk/A (sky130_fd_sc_hd__clkbuf_8)
     7    0.041452    0.133523    0.355683   11.467496 ^ clkbuf_leaf_7_clk/X (sky130_fd_sc_hd__clkbuf_8)
                                                         clknet_leaf_7_clk (net)
                      0.133523    0.000202   11.467697 ^ _20439_/CLK (sky130_fd_sc_hd__dfxtp_1)
                                 -0.200000   11.267697   clock uncertainty
                                  0.000000   11.267697   clock reconvergence pessimism
                                 -0.140998   11.126699   library setup time
                                             11.126699   data required time
---------------------------------------------------------------------------------------------
                                             11.126699   data required time
                                            -10.832479   data arrival time
---------------------------------------------------------------------------------------------
                                              0.294220   slack (MET)




===========================================================================
report_checks --slack_max -0.01
============================================================================
======================= min_ss_100C_1v60 Corner ===================================

No paths found.


===========================================================================
 report_check_types -max_slew -max_cap -max_fanout -violators
============================================================================
======================= min_ss_100C_1v60 Corner ===================================



===========================================================================
report_parasitic_annotation -report_unannotated
============================================================================
Found 55 unannotated drivers.
 clkload0/Y
 clkload1/Y
 clkload10/Y
 clkload11/Y
 clkload12/X
 clkload13/Y
 clkload14/X
 clkload15/Y
 clkload16/Y
 clkload17/Y
 clkload18/Y
 clkload19/Y
 clkload2/Y
 clkload20/Y
 clkload21/Y
 clkload22/Y
 clkload23/Y
 clkload24/Y
 clkload25/Y
 clkload26/Y
 clkload27/Y
 clkload28/Y
 clkload29/Y
 clkload3/Y
 clkload30/Y
 clkload31/Y
 clkload32/Y
 clkload33/Y
 clkload34/Y
 clkload35/Y
 clkload36/Y
 clkload37/Y
 clkload38/Y
 clkload39/Y
 clkload4/Y
 clkload40/Y
 clkload41/Y
 clkload42/Y
 clkload43/Y
 clkload44/Y
 clkload45/Y
 clkload46/Y
 clkload47/Y
 clkload48/Y
 clkload49/Y
 clkload5/Y
 clkload50/Y
 clkload51/Y
 clkload52/Y
 clkload53/Y
 clkload54/Y
 clkload6/X
 clkload7/X
 clkload8/Y
 clkload9/X
Found 0 partially unannotated drivers.

===========================================================================
max slew violation count 0
max fanout violation count 0
max cap violation count 0
============================================================================

===========================================================================
check_setup -verbose -unconstrained_endpoints -multiple_clock -no_clock -no_input_delay -loops -generated_clocks
===========================================================================
