Clock: clk
Sources: clk 
Generated: no
Virtual: yes
Propagated: no
Period: 10.000000

===========================================================================
report_clock_properties
============================================================================
Clock                   Period          Waveform
----------------------------------------------------
clk                  10.000000    0.000000  5.000000

===========================================================================
report_clock_latency
============================================================================
Clock clk
rise -> rise
    min     max
0.000000 0.000000 source latency
1.132282         network latency _20688_/CLK
        1.520927 network latency _20394_/CLK
---------------
1.132282 1.520927 latency
        0.388645 skew

fall -> fall
    min     max
0.000000 0.000000 source latency
0.974742         network latency _20688_/CLK
        1.333941 network latency _20394_/CLK
---------------
0.974742 1.333941 latency
        0.359199 skew



===========================================================================
report_clock_min_period
============================================================================
clk period_min = 9.97 fmax = 100.30
