
===========================================================================
 report_power
============================================================================
======================= min_ss_100C_1v60 Corner ===================================

Group                    Internal    Switching      Leakage        Total
                            Power        Power        Power        Power (Watts)
------------------------------------------------------------------------
Sequential           1.527903e-03 1.307956e-04 6.463691e-06 1.665163e-03  20.3%
Combinational        1.718604e-03 2.549646e-03 4.843930e-05 4.316689e-03  52.6%
Clock                1.294032e-03 9.319434e-04 2.126483e-06 2.228102e-03  27.1%
Macro                0.000000e+00 0.000000e+00 0.000000e+00 0.000000e+00   0.0%
Pad                  0.000000e+00 0.000000e+00 0.000000e+00 0.000000e+00   0.0%
------------------------------------------------------------------------
Total                4.540543e-03 3.612386e-03 5.702956e-05 8.209958e-03 100.0%
                            55.3%        44.0%         0.7%

