Clock: clk
Sources: clk 
Generated: no
Virtual: yes
Propagated: no
Period: 10.000000

===========================================================================
report_clock_properties
============================================================================
Clock                   Period          Waveform
----------------------------------------------------
clk                  10.000000    0.000000  5.000000

===========================================================================
report_clock_latency
============================================================================
Clock clk
rise -> rise
    min     max
0.000000 0.000000 source latency
0.705051         network latency _4999_/CLK
        0.752283 network latency _5022_/CLK
---------------
0.705051 0.752283 latency
        0.047232 skew

fall -> fall
    min     max
0.000000 0.000000 source latency
0.687593         network latency _4999_/CLK
        0.726020 network latency _5022_/CLK
---------------
0.687593 0.726020 latency
        0.038427 skew



===========================================================================
report_clock_min_period
============================================================================
clk period_min = 10.21 fmax = 97.98
