                                                                       Cells by Function                                                                        
┏━━━━━━━━━━━━━━━━━━━━━━━━━━━━━━━━━━━━━━━━━━━━━━━━━━━━━━━━━━━━━━━━━━━━━━━━━━━━━━━━━━━━━━━━━━━━━━━━━━━━━━━━━━━━━━━━━━━━━━━━━━━━━━━━┳━━━━━━━━━━━━━━━━━━━━━━━━━━━━━┓
┃ Cell Function                                                                                                                  ┃ Count                       ┃
┡━━━━━━━━━━━━━━━━━━━━━━━━━━━━━━━━━━━━━━━━━━━━━━━━━━━━━━━━━━━━━━━━━━━━━━━━━━━━━━━━━━━━━━━━━━━━━━━━━━━━━━━━━━━━━━━━━━━━━━━━━━━━━━━━╇━━━━━━━━━━━━━━━━━━━━━━━━━━━━━┩
│ sky130_ef_sc_hd__decap                                                                                                         │ 9944                        │
│ sky130_fd_sc_hd__a211o                                                                                                         │ 1                           │
│ sky130_fd_sc_hd__a211oi                                                                                                        │ 1                           │
│ sky130_fd_sc_hd__a21bo                                                                                                         │ 4                           │
│ sky130_fd_sc_hd__a21boi                                                                                                        │ 2                           │
│ sky130_fd_sc_hd__a21o                                                                                                          │ 4                           │
│ sky130_fd_sc_hd__a21oi                                                                                                         │ 32                          │
│ sky130_fd_sc_hd__a22o                                                                                                          │ 3                           │
│ sky130_fd_sc_hd__a22oi                                                                                                         │ 4                           │
│ sky130_fd_sc_hd__a2bb2o                                                                                                        │ 3                           │
│ sky130_fd_sc_hd__a31o                                                                                                          │ 6                           │
│ sky130_fd_sc_hd__a31oi                                                                                                         │ 2                           │
│ sky130_fd_sc_hd__a41o                                                                                                          │ 1                           │
│ sky130_fd_sc_hd__and2                                                                                                          │ 181                         │
│ sky130_fd_sc_hd__and2b                                                                                                         │ 6                           │
│ sky130_fd_sc_hd__and3                                                                                                          │ 9                           │
│ sky130_fd_sc_hd__buf                                                                                                           │ 157                         │
│ sky130_fd_sc_hd__clkbuf                                                                                                        │ 53                          │
│ sky130_fd_sc_hd__clkinv                                                                                                        │ 5                           │
│ sky130_fd_sc_hd__conb                                                                                                          │ 95                          │
│ sky130_fd_sc_hd__decap                                                                                                         │ 4896                        │
│ sky130_fd_sc_hd__dfxtp                                                                                                         │ 194                         │
│ sky130_fd_sc_hd__diode                                                                                                         │ 1387                        │
│ sky130_fd_sc_hd__dlygate4sd3                                                                                                   │ 92                          │
│ sky130_fd_sc_hd__fill                                                                                                          │ 3079                        │
│ sky130_fd_sc_hd__inv                                                                                                           │ 16                          │
│ sky130_fd_sc_hd__nand2                                                                                                         │ 32                          │
│ sky130_fd_sc_hd__nand2b                                                                                                        │ 11                          │
│ sky130_fd_sc_hd__nand4                                                                                                         │ 4                           │
│ sky130_fd_sc_hd__nand4b                                                                                                        │ 2                           │
│ sky130_fd_sc_hd__nor2                                                                                                          │ 37                          │
│ sky130_fd_sc_hd__nor3                                                                                                          │ 2                           │
│ sky130_fd_sc_hd__nor4                                                                                                          │ 1                           │
│ sky130_fd_sc_hd__o2111a                                                                                                        │ 1                           │
│ sky130_fd_sc_hd__o2111ai                                                                                                       │ 1                           │
│ sky130_fd_sc_hd__o211a                                                                                                         │ 3                           │
│ sky130_fd_sc_hd__o211ai                                                                                                        │ 8                           │
│ sky130_fd_sc_hd__o21a                                                                                                          │ 15                          │
│ sky130_fd_sc_hd__o21ai                                                                                                         │ 16                          │
│ sky130_fd_sc_hd__o21ba                                                                                                         │ 1                           │
│ sky130_fd_sc_hd__o21bai                                                                                                        │ 6                           │
│ sky130_fd_sc_hd__o221ai                                                                                                        │ 1                           │
│ sky130_fd_sc_hd__o22ai                                                                                                         │ 3                           │
│ sky130_fd_sc_hd__o2bb2a                                                                                                        │ 2                           │
│ sky130_fd_sc_hd__o2bb2ai                                                                                                       │ 2                           │
│ sky130_fd_sc_hd__o311a                                                                                                         │ 1                           │
│ sky130_fd_sc_hd__o31a                                                                                                          │ 7                           │
│ sky130_fd_sc_hd__o31ai                                                                                                         │ 1                           │
│ sky130_fd_sc_hd__or2                                                                                                           │ 6                           │
│ sky130_fd_sc_hd__or3                                                                                                           │ 4                           │
│ sky130_fd_sc_hd__or3b                                                                                                          │ 2                           │
│ sky130_fd_sc_hd__or4                                                                                                           │ 1                           │
│ sky130_fd_sc_hd__or4bb                                                                                                         │ 1                           │
│ sky130_fd_sc_hd__tapvpwrvgnd                                                                                                   │ 2865                        │
│ sky130_fd_sc_hd__xnor2                                                                                                         │ 1                           │
│ sky130_fd_sc_hd__xor2                                                                                                          │ 5                           │
└────────────────────────────────────────────────────────────────────────────────────────────────────────────────────────────────┴─────────────────────────────┘
