
===========================================================================
report_checks -unconstrained
===========================================================================
======================= nom_tt_025C_1v80 Corner ===================================

Startpoint: _20780_ (rising edge-triggered flip-flop clocked by clk)
Endpoint: _20723_ (rising edge-triggered flip-flop clocked by clk)
Path Group: clk
Path Type: max

Fanout         Cap        Slew       Delay        Time   Description
---------------------------------------------------------------------------------------------
                                  0.000000    0.000000   clock clk (rise edge)
                                  0.000000    0.000000   clock source latency
     1    0.061453    0.173267    0.126815    0.126815 ^ clk (in)
                                                         clk (net)
                      0.173374    0.000000    0.126815 ^ clkbuf_0_clk/A (sky130_fd_sc_hd__clkbuf_16)
     8    0.230575    0.240340    0.314741    0.441556 ^ clkbuf_0_clk/X (sky130_fd_sc_hd__clkbuf_16)
                                                         clknet_0_clk (net)
                      0.240730    0.007951    0.449507 ^ clkbuf_3_0__f_clk/A (sky130_fd_sc_hd__clkbuf_16)
     6    0.095766    0.112904    0.246921    0.696428 ^ clkbuf_3_0__f_clk/X (sky130_fd_sc_hd__clkbuf_16)
                                                         clknet_3_0__leaf_clk (net)
                      0.112994    0.002906    0.699334 ^ clkbuf_leaf_62_clk/A (sky130_fd_sc_hd__clkbuf_8)
     5    0.021242    0.053009    0.158959    0.858293 ^ clkbuf_leaf_62_clk/X (sky130_fd_sc_hd__clkbuf_8)
                                                         clknet_leaf_62_clk (net)
                      0.053011    0.000369    0.858663 ^ _20780_/CLK (sky130_fd_sc_hd__dfxtp_4)
     7    0.055412    0.162849    0.434996    1.293659 ^ _20780_/Q (sky130_fd_sc_hd__dfxtp_4)
                                                         a_l[2] (net)
                      0.162980    0.004183    1.297842 ^ max_cap662/A (sky130_fd_sc_hd__buf_12)
    19    0.116316    0.141311    0.196894    1.494736 ^ max_cap662/X (sky130_fd_sc_hd__buf_12)
                                                         net662 (net)
                      0.145862    0.019960    1.514695 ^ max_cap661/A (sky130_fd_sc_hd__buf_12)
    12    0.089704    0.111235    0.178362    1.693057 ^ max_cap661/X (sky130_fd_sc_hd__buf_12)
                                                         net661 (net)
                      0.112261    0.008525    1.701582 ^ max_cap659/A (sky130_fd_sc_hd__buf_12)
    14    0.110310    0.133219    0.188020    1.889602 ^ max_cap659/X (sky130_fd_sc_hd__buf_12)
                                                         net659 (net)
                      0.133476    0.004752    1.894354 ^ max_cap658/A (sky130_fd_sc_hd__buf_12)
    18    0.111944    0.135100    0.194788    2.089141 ^ max_cap658/X (sky130_fd_sc_hd__buf_12)
                                                         net658 (net)
                      0.135166    0.002463    2.091604 ^ _15779_/A (sky130_fd_sc_hd__nand2_2)
     5    0.023069    0.124556    0.123068    2.214672 v _15779_/Y (sky130_fd_sc_hd__nand2_2)
                                                         _06658_ (net)
                      0.124557    0.000585    2.215256 v _15780_/B (sky130_fd_sc_hd__nand2_2)
     6    0.025833    0.145653    0.172718    2.387975 ^ _15780_/Y (sky130_fd_sc_hd__nand2_2)
                                                         _06659_ (net)
                      0.145704    0.000528    2.388502 ^ _15787_/A1 (sky130_fd_sc_hd__a21o_1)
     1    0.011208    0.104820    0.179280    2.567782 ^ _15787_/X (sky130_fd_sc_hd__a21o_1)
                                                         _06666_ (net)
                      0.104820    0.000302    2.568085 ^ _15788_/C (sky130_fd_sc_hd__nand3_4)
     5    0.019450    0.108810    0.110075    2.678160 v _15788_/Y (sky130_fd_sc_hd__nand3_4)
                                                         _06667_ (net)
                      0.108812    0.000431    2.678591 v _15866_/B1 (sky130_fd_sc_hd__a32oi_4)
     5    0.025792    0.298492    0.283229    2.961820 ^ _15866_/Y (sky130_fd_sc_hd__a32oi_4)
                                                         _06744_ (net)
                      0.298495    0.001880    2.963701 ^ _15867_/B (sky130_fd_sc_hd__nor2_1)
     3    0.009212    0.092353    0.120030    3.083731 v _15867_/Y (sky130_fd_sc_hd__nor2_1)
                                                         _06745_ (net)
                      0.092353    0.000201    3.083932 v max_cap326/A (sky130_fd_sc_hd__buf_1)
     3    0.012152    0.076343    0.150193    3.234125 v max_cap326/X (sky130_fd_sc_hd__buf_1)
                                                         net326 (net)
                      0.076343    0.000311    3.234435 v _15870_/A (sky130_fd_sc_hd__nor2_1)
     2    0.008588    0.170529    0.179251    3.413686 ^ _15870_/Y (sky130_fd_sc_hd__nor2_1)
                                                         _06748_ (net)
                      0.170530    0.000174    3.413860 ^ max_cap304/A (sky130_fd_sc_hd__buf_1)
     4    0.013440    0.164259    0.193524    3.607384 ^ max_cap304/X (sky130_fd_sc_hd__buf_1)
                                                         net304 (net)
                      0.164259    0.000476    3.607861 ^ _15947_/B (sky130_fd_sc_hd__nand2_1)
     1    0.010653    0.090186    0.123003    3.730864 v _15947_/Y (sky130_fd_sc_hd__nand2_1)
                                                         _06825_ (net)
                      0.090186    0.000307    3.731171 v _15954_/A2 (sky130_fd_sc_hd__o211ai_4)
     4    0.024670    0.252743    0.257580    3.988751 ^ _15954_/Y (sky130_fd_sc_hd__o211ai_4)
                                                         _06832_ (net)
                      0.252744    0.000840    3.989591 ^ _15958_/B (sky130_fd_sc_hd__nand2_4)
     4    0.031143    0.095798    0.126646    4.116236 v _15958_/Y (sky130_fd_sc_hd__nand2_4)
                                                         _06836_ (net)
                      0.095838    0.001573    4.117809 v _15961_/C1 (sky130_fd_sc_hd__o211ai_2)
     1    0.009853    0.180479    0.101068    4.218876 ^ _15961_/Y (sky130_fd_sc_hd__o211ai_2)
                                                         _06839_ (net)
                      0.180480    0.000294    4.219170 ^ _15964_/B1 (sky130_fd_sc_hd__o211ai_4)
     3    0.015993    0.089258    0.125085    4.344255 v _15964_/Y (sky130_fd_sc_hd__o211ai_4)
                                                         _06842_ (net)
                      0.089258    0.000555    4.344810 v _15968_/B2 (sky130_fd_sc_hd__o22ai_4)
     4    0.025477    0.253272    0.204098    4.548908 ^ _15968_/Y (sky130_fd_sc_hd__o22ai_4)
                                                         _06845_ (net)
                      0.253355    0.001582    4.550490 ^ _16185_/A1_N (sky130_fd_sc_hd__o2bb2ai_4)
     5    0.025708    0.206005    0.193924    4.744413 ^ _16185_/Y (sky130_fd_sc_hd__o2bb2ai_4)
                                                         _07060_ (net)
                      0.206028    0.001674    4.746087 ^ _16565_/A (sky130_fd_sc_hd__nand2_4)
     2    0.038451    0.111941    0.132320    4.878407 v _16565_/Y (sky130_fd_sc_hd__nand2_4)
                                                         _07438_ (net)
                      0.112017    0.002419    4.880826 v _16716_/B2 (sky130_fd_sc_hd__a22oi_4)
     3    0.026270    0.252245    0.264496    5.145322 ^ _16716_/Y (sky130_fd_sc_hd__a22oi_4)
                                                         _07587_ (net)
                      0.252256    0.001686    5.147009 ^ _17761_/A1 (sky130_fd_sc_hd__a21oi_4)
     3    0.023590    0.095534    0.124958    5.271966 v _17761_/Y (sky130_fd_sc_hd__a21oi_4)
                                                         _08624_ (net)
                      0.095536    0.000573    5.272540 v rebuffer245/A (sky130_fd_sc_hd__clkbuf_1)
     1    0.004916    0.037889    0.119784    5.392324 v rebuffer245/X (sky130_fd_sc_hd__clkbuf_1)
                                                         net1080 (net)
                      0.037889    0.000112    5.392437 v _17808_/A2 (sky130_fd_sc_hd__o31ai_2)
     2    0.005590    0.209284    0.234553    5.626990 ^ _17808_/Y (sky130_fd_sc_hd__o31ai_2)
                                                         _08670_ (net)
                      0.209284    0.000146    5.627135 ^ max_cap132/A (sky130_fd_sc_hd__clkbuf_1)
     1    0.002952    0.047327    0.115354    5.742490 ^ max_cap132/X (sky130_fd_sc_hd__clkbuf_1)
                                                         net132 (net)
                      0.047327    0.000086    5.742576 ^ _17810_/A2 (sky130_fd_sc_hd__o21a_1)
     1    0.026768    0.255735    0.256314    5.998889 ^ _17810_/X (sky130_fd_sc_hd__o21a_1)
                                                         _00363_ (net)
                      0.255739    0.000857    5.999747 ^ _20723_/D (sky130_fd_sc_hd__dfxtp_1)
                                              5.999747   data arrival time

                                 10.000000   10.000000   clock clk (rise edge)
                                  0.000000   10.000000   clock source latency
     1    0.061453    0.173267    0.126815   10.126815 ^ clk (in)
                                                         clk (net)
                      0.173374    0.000000   10.126815 ^ clkbuf_0_clk/A (sky130_fd_sc_hd__clkbuf_16)
     8    0.230575    0.240340    0.314741   10.441556 ^ clkbuf_0_clk/X (sky130_fd_sc_hd__clkbuf_16)
                                                         clknet_0_clk (net)
                      0.240896    0.009441   10.450997 ^ clkbuf_3_6__f_clk/A (sky130_fd_sc_hd__clkbuf_16)
    10    0.130196    0.143628    0.270760   10.721758 ^ clkbuf_3_6__f_clk/X (sky130_fd_sc_hd__clkbuf_16)
                                                         clknet_3_6__leaf_clk (net)
                      0.143832    0.003560   10.725318 ^ clkbuf_leaf_15_clk/A (sky130_fd_sc_hd__clkbuf_8)
     8    0.040161    0.082600    0.192110   10.917428 ^ clkbuf_leaf_15_clk/X (sky130_fd_sc_hd__clkbuf_8)
                                                         clknet_leaf_15_clk (net)
                      0.082603    0.000634   10.918062 ^ _20723_/CLK (sky130_fd_sc_hd__dfxtp_1)
                                 -0.200000   10.718062   clock uncertainty
                                  0.000000   10.718062   clock reconvergence pessimism
                                 -0.096939   10.621123   library setup time
                                             10.621123   data required time
---------------------------------------------------------------------------------------------
                                             10.621123   data required time
                                             -5.999747   data arrival time
---------------------------------------------------------------------------------------------
                                              4.621377   slack (MET)




===========================================================================
report_checks --slack_max -0.01
============================================================================
======================= nom_tt_025C_1v80 Corner ===================================

No paths found.


===========================================================================
 report_check_types -max_slew -max_cap -max_fanout -violators
============================================================================
======================= nom_tt_025C_1v80 Corner ===================================



===========================================================================
report_parasitic_annotation -report_unannotated
============================================================================
Found 55 unannotated drivers.
 clkload0/Y
 clkload1/Y
 clkload10/Y
 clkload11/Y
 clkload12/Y
 clkload13/Y
 clkload14/Y
 clkload15/X
 clkload16/Y
 clkload17/X
 clkload18/X
 clkload19/X
 clkload2/Y
 clkload20/X
 clkload21/Y
 clkload22/Y
 clkload23/Y
 clkload24/X
 clkload25/X
 clkload26/Y
 clkload27/X
 clkload28/X
 clkload29/Y
 clkload3/Y
 clkload30/Y
 clkload31/Y
 clkload32/Y
 clkload33/Y
 clkload34/Y
 clkload35/Y
 clkload36/Y
 clkload37/Y
 clkload38/Y
 clkload39/Y
 clkload4/Y
 clkload40/Y
 clkload41/Y
 clkload42/Y
 clkload43/Y
 clkload44/X
 clkload45/Y
 clkload46/Y
 clkload47/X
 clkload48/Y
 clkload49/X
 clkload5/Y
 clkload50/Y
 clkload51/Y
 clkload52/Y
 clkload53/X
 clkload54/Y
 clkload6/Y
 clkload7/Y
 clkload8/Y
 clkload9/Y
Found 0 partially unannotated drivers.

===========================================================================
max slew violation count 0
max fanout violation count 0
max cap violation count 0
============================================================================

===========================================================================
check_setup -verbose -unconstrained_endpoints -multiple_clock -no_clock -no_input_delay -loops -generated_clocks
===========================================================================
