
===========================================================================
report_checks -unconstrained
===========================================================================
======================= max_ff_n40C_1v95 Corner ===================================

Startpoint: _20790_ (rising edge-triggered flip-flop clocked by clk)
Endpoint: _20760_ (rising edge-triggered flip-flop clocked by clk)
Path Group: clk
Path Type: max

Fanout         Cap        Slew       Delay        Time   Description
---------------------------------------------------------------------------------------------
                                  0.000000    0.000000   clock clk (rise edge)
                                  0.000000    0.000000   clock source latency
     2    0.056038    0.119329    0.084812    0.084812 ^ clk (in)
                                                         clk (net)
                      0.119394    0.000000    0.084812 ^ clkbuf_0_clk/A (sky130_fd_sc_hd__clkbuf_16)
     8    0.235507    0.191149    0.215231    0.300043 ^ clkbuf_0_clk/X (sky130_fd_sc_hd__clkbuf_16)
                                                         clknet_0_clk (net)
                      0.192731    0.014057    0.314100 ^ clkbuf_3_4__f_clk/A (sky130_fd_sc_hd__clkbuf_16)
    11    0.114584    0.102699    0.165028    0.479128 ^ clkbuf_3_4__f_clk/X (sky130_fd_sc_hd__clkbuf_16)
                                                         clknet_3_4__leaf_clk (net)
                      0.103409    0.006990    0.486118 ^ clkbuf_leaf_8_clk/A (sky130_fd_sc_hd__clkbuf_8)
     5    0.021529    0.040177    0.109234    0.595352 ^ clkbuf_leaf_8_clk/X (sky130_fd_sc_hd__clkbuf_8)
                                                         clknet_leaf_8_clk (net)
                      0.040198    0.000843    0.596195 ^ _20790_/CLK (sky130_fd_sc_hd__dfxtp_4)
     5    0.039278    0.090368    0.257318    0.853513 ^ _20790_/Q (sky130_fd_sc_hd__dfxtp_4)
                                                         a_l[12] (net)
                      0.090828    0.004809    0.858321 ^ max_cap566/A (sky130_fd_sc_hd__buf_12)
    15    0.105962    0.097708    0.114818    0.973139 ^ max_cap566/X (sky130_fd_sc_hd__buf_12)
                                                         net566 (net)
                      0.102015    0.015806    0.988946 ^ max_cap565/A (sky130_fd_sc_hd__buf_12)
    14    0.105738    0.097832    0.117067    1.106013 ^ max_cap565/X (sky130_fd_sc_hd__buf_12)
                                                         net565 (net)
                      0.106335    0.022183    1.128197 ^ max_cap564/A (sky130_fd_sc_hd__buf_12)
     7    0.099316    0.092697    0.118748    1.246945 ^ max_cap564/X (sky130_fd_sc_hd__buf_12)
                                                         net564 (net)
                      0.095301    0.012215    1.259160 ^ max_cap563/A (sky130_fd_sc_hd__buf_12)
    11    0.073030    0.070849    0.106079    1.365240 ^ max_cap563/X (sky130_fd_sc_hd__buf_12)
                                                         net563 (net)
                      0.071961    0.006979    1.372219 ^ max_cap562/A (sky130_fd_sc_hd__buf_12)
    14    0.099256    0.092222    0.114082    1.486301 ^ max_cap562/X (sky130_fd_sc_hd__buf_12)
                                                         net562 (net)
                      0.093599    0.008979    1.495280 ^ _19051_/B (sky130_fd_sc_hd__nand2_1)
     1    0.008684    0.053950    0.059286    1.554566 v _19051_/Y (sky130_fd_sc_hd__nand2_1)
                                                         _09942_ (net)
                      0.053963    0.000686    1.555252 v _19152_/A (sky130_fd_sc_hd__nand2_2)
     6    0.027994    0.117449    0.106835    1.662087 ^ _19152_/Y (sky130_fd_sc_hd__nand2_2)
                                                         _10044_ (net)
                      0.117478    0.001496    1.663583 ^ _19157_/A2 (sky130_fd_sc_hd__a21o_1)
     2    0.011137    0.078432    0.117927    1.781509 ^ _19157_/X (sky130_fd_sc_hd__a21o_1)
                                                         _10049_ (net)
                      0.078433    0.000459    1.781968 ^ _19160_/A (sky130_fd_sc_hd__nand2_1)
     1    0.012039    0.082130    0.065145    1.847114 v _19160_/Y (sky130_fd_sc_hd__nand2_1)
                                                         _10053_ (net)
                      0.082148    0.000992    1.848105 v _19161_/A (sky130_fd_sc_hd__nand3_1)
     1    0.011925    0.108768    0.109360    1.957465 ^ _19161_/Y (sky130_fd_sc_hd__nand3_1)
                                                         _10054_ (net)
                      0.108782    0.000985    1.958450 ^ _19165_/C (sky130_fd_sc_hd__nand4_4)
     7    0.030866    0.108913    0.104271    2.062721 v _19165_/Y (sky130_fd_sc_hd__nand4_4)
                                                         _10058_ (net)
                      0.109260    0.004701    2.067421 v rebuffer53/A (sky130_fd_sc_hd__clkbuf_2)
     2    0.016468    0.048696    0.124927    2.192349 v rebuffer53/X (sky130_fd_sc_hd__clkbuf_2)
                                                         net850 (net)
                      0.048729    0.001164    2.193513 v _19259_/A (sky130_fd_sc_hd__nand2_2)
     2    0.025401    0.109400    0.098280    2.291793 ^ _19259_/Y (sky130_fd_sc_hd__nand2_2)
                                                         _10160_ (net)
                      0.109444    0.001749    2.293541 ^ _19499_/A1 (sky130_fd_sc_hd__a22oi_1)
     1    0.004690    0.052468    0.059208    2.352749 v _19499_/Y (sky130_fd_sc_hd__a22oi_1)
                                                         _00689_ (net)
                      0.052468    0.000217    2.352966 v _19503_/B1 (sky130_fd_sc_hd__o2bb2ai_2)
     2    0.009213    0.109554    0.125181    2.478147 ^ _19503_/Y (sky130_fd_sc_hd__o2bb2ai_2)
                                                         _00693_ (net)
                      0.109555    0.000514    2.478660 ^ max_cap183/A (sky130_fd_sc_hd__clkbuf_2)
     2    0.012008    0.056394    0.103654    2.582314 ^ max_cap183/X (sky130_fd_sc_hd__clkbuf_2)
                                                         net183 (net)
                      0.056404    0.000766    2.583080 ^ _19507_/A (sky130_fd_sc_hd__nand2_2)
     2    0.012349    0.048847    0.044427    2.627507 v _19507_/Y (sky130_fd_sc_hd__nand2_2)
                                                         _00697_ (net)
                      0.048870    0.000882    2.628390 v _19510_/A1 (sky130_fd_sc_hd__o211ai_4)
     3    0.026639    0.199227    0.197945    2.826335 ^ _19510_/Y (sky130_fd_sc_hd__o211ai_4)
                                                         _00701_ (net)
                      0.199231    0.001627    2.827962 ^ _19514_/A1_N (sky130_fd_sc_hd__o2bb2ai_4)
     2    0.016966    0.117201    0.100037    2.927999 ^ _19514_/Y (sky130_fd_sc_hd__o2bb2ai_4)
                                                         _00705_ (net)
                      0.117204    0.001191    2.929190 ^ _19517_/C (sky130_fd_sc_hd__nand4_4)
     7    0.029007    0.104510    0.103337    3.032527 v _19517_/Y (sky130_fd_sc_hd__nand4_4)
                                                         _00708_ (net)
                      0.104533    0.001174    3.033701 v _19518_/B (sky130_fd_sc_hd__nand2_1)
     1    0.004610    0.053651    0.080945    3.114645 ^ _19518_/Y (sky130_fd_sc_hd__nand2_1)
                                                         _00710_ (net)
                      0.053652    0.000322    3.114967 ^ _19762_/A (sky130_fd_sc_hd__nor2_1)
     1    0.009907    0.041447    0.046974    3.161942 v _19762_/Y (sky130_fd_sc_hd__nor2_1)
                                                         _00972_ (net)
                      0.041470    0.000788    3.162729 v _19766_/A2 (sky130_fd_sc_hd__a21oi_4)
     4    0.039946    0.229552    0.214337    3.377067 ^ _19766_/Y (sky130_fd_sc_hd__a21oi_4)
                                                         _00976_ (net)
                      0.229744    0.005246    3.382313 ^ _20114_/A (sky130_fd_sc_hd__nand3_4)
     5    0.047722    0.140167    0.129550    3.511863 v _20114_/Y (sky130_fd_sc_hd__nand3_4)
                                                         _01350_ (net)
                      0.140459    0.005215    3.517077 v _20257_/A2 (sky130_fd_sc_hd__a21oi_4)
     5    0.022194    0.149040    0.191206    3.708284 ^ _20257_/Y (sky130_fd_sc_hd__a21oi_4)
                                                         _01502_ (net)
                      0.149068    0.001900    3.710183 ^ _20307_/B2 (sky130_fd_sc_hd__o22ai_1)
     1    0.003211    0.042091    0.032576    3.742759 v _20307_/Y (sky130_fd_sc_hd__o22ai_1)
                                                         _01553_ (net)
                      0.042091    0.000133    3.742892 v _20309_/A1 (sky130_fd_sc_hd__o211a_1)
     1    0.003696    0.033810    0.144240    3.887132 v _20309_/X (sky130_fd_sc_hd__o211a_1)
                                                         _00400_ (net)
                      0.033810    0.000273    3.887406 v _20760_/D (sky130_fd_sc_hd__dfxtp_1)
                                              3.887406   data arrival time

                                 10.000000   10.000000   clock clk (rise edge)
                                  0.000000   10.000000   clock source latency
     2    0.056038    0.119329    0.084812   10.084812 ^ clk (in)
                                                         clk (net)
                      0.119394    0.000000   10.084812 ^ clkbuf_0_clk/A (sky130_fd_sc_hd__clkbuf_16)
     8    0.235507    0.191149    0.215231   10.300043 ^ clkbuf_0_clk/X (sky130_fd_sc_hd__clkbuf_16)
                                                         clknet_0_clk (net)
                      0.194049    0.018803   10.318846 ^ clkbuf_3_2__f_clk/A (sky130_fd_sc_hd__clkbuf_16)
    10    0.108479    0.097754    0.163663   10.482509 ^ clkbuf_3_2__f_clk/X (sky130_fd_sc_hd__clkbuf_16)
                                                         clknet_3_2__leaf_clk (net)
                      0.100612    0.013162   10.495670 ^ clkbuf_leaf_53_clk/A (sky130_fd_sc_hd__clkbuf_8)
     4    0.045096    0.068070    0.128810   10.624480 ^ clkbuf_leaf_53_clk/X (sky130_fd_sc_hd__clkbuf_8)
                                                         clknet_leaf_53_clk (net)
                      0.068216    0.002525   10.627006 ^ _20760_/CLK (sky130_fd_sc_hd__dfxtp_1)
                                 -0.200000   10.427006   clock uncertainty
                                  0.000000   10.427006   clock reconvergence pessimism
                                 -0.067163   10.359842   library setup time
                                             10.359842   data required time
---------------------------------------------------------------------------------------------
                                             10.359842   data required time
                                             -3.887406   data arrival time
---------------------------------------------------------------------------------------------
                                              6.472436   slack (MET)




===========================================================================
report_checks --slack_max -0.01
============================================================================
======================= max_ff_n40C_1v95 Corner ===================================

No paths found.


===========================================================================
 report_check_types -max_slew -max_cap -max_fanout -violators
============================================================================
======================= max_ff_n40C_1v95 Corner ===================================



===========================================================================
report_parasitic_annotation -report_unannotated
============================================================================
Found 56 unannotated drivers.
 clkload0/Y
 clkload1/Y
 clkload10/Y
 clkload11/Y
 clkload12/Y
 clkload13/Y
 clkload14/Y
 clkload15/Y
 clkload16/Y
 clkload17/Y
 clkload18/Y
 clkload19/Y
 clkload2/X
 clkload20/Y
 clkload21/Y
 clkload22/Y
 clkload23/Y
 clkload24/Y
 clkload25/Y
 clkload26/Y
 clkload27/Y
 clkload28/Y
 clkload29/Y
 clkload3/Y
 clkload30/Y
 clkload31/Y
 clkload32/Y
 clkload33/Y
 clkload34/X
 clkload35/Y
 clkload36/Y
 clkload37/Y
 clkload38/Y
 clkload39/Y
 clkload4/Y
 clkload40/Y
 clkload41/Y
 clkload42/Y
 clkload43/Y
 clkload44/Y
 clkload45/Y
 clkload46/Y
 clkload47/Y
 clkload48/Y
 clkload49/Y
 clkload5/Y
 clkload50/Y
 clkload51/Y
 clkload52/Y
 clkload53/Y
 clkload54/Y
 clkload55/Y
 clkload6/Y
 clkload7/X
 clkload8/X
 clkload9/Y
Found 0 partially unannotated drivers.

===========================================================================
max slew violation count 0
max fanout violation count 0
max cap violation count 0
============================================================================

===========================================================================
check_setup -verbose -unconstrained_endpoints -multiple_clock -no_clock -no_input_delay -loops -generated_clocks
===========================================================================
