Clock: clk
Sources: clk 
Generated: no
Virtual: yes
Propagated: no
Period: 10.000000

===========================================================================
report_clock_properties
============================================================================
Clock                   Period          Waveform
----------------------------------------------------
clk                  10.000000    0.000000  5.000000

===========================================================================
report_clock_latency
============================================================================
Clock clk
rise -> rise
    min     max
0.000000 0.000000 source latency
1.256856         network latency i_add/clk
        2.131147 network latency _1157_/CLK
---------------
1.256856 2.131147 latency
        0.874291 skew

fall -> fall
    min     max
0.000000 0.000000 source latency
1.022619         network latency i_add/clk
        1.828519 network latency _1157_/CLK
---------------
1.022619 1.828519 latency
        0.805900 skew



===========================================================================
report_clock_min_period
============================================================================
clk period_min = 8.02 fmax = 124.73
