
===========================================================================
 report_power
============================================================================
======================= nom_ss_100C_1v60 Corner ===================================

Group                    Internal    Switching      Leakage        Total
                            Power        Power        Power        Power (Watts)
------------------------------------------------------------------------
Sequential           5.975913e-04 1.556084e-06 2.642494e-06 6.017899e-04  36.0%
Combinational        2.045400e-05 1.151437e-04 3.274586e-06 1.388722e-04   8.3%
Clock                3.595068e-04 5.696316e-04 5.843625e-07 9.297227e-04  55.7%
Macro                0.000000e+00 0.000000e+00 0.000000e+00 0.000000e+00   0.0%
Pad                  0.000000e+00 0.000000e+00 0.000000e+00 0.000000e+00   0.0%
------------------------------------------------------------------------
Total                9.775523e-04 6.863313e-04 6.501422e-06 1.670385e-03 100.0%
                            58.5%        41.1%         0.4%

