
===========================================================================
 report_power
============================================================================
======================= nom_tt_025C_1v80 Corner ===================================

Group                    Internal    Switching      Leakage        Total
                            Power        Power        Power        Power (Watts)
------------------------------------------------------------------------
Sequential           7.736455e-04 1.333304e-06 1.566832e-09 7.749803e-04  40.2%
Combinational        2.510787e-05 9.202215e-05 3.139798e-09 1.171332e-04   6.1%
Clock                4.410912e-04 5.965254e-04 5.232744e-09 1.037622e-03  53.8%
Macro                0.000000e+00 0.000000e+00 0.000000e+00 0.000000e+00   0.0%
Pad                  0.000000e+00 0.000000e+00 0.000000e+00 0.000000e+00   0.0%
------------------------------------------------------------------------
Total                1.239843e-03 6.898809e-04 9.939723e-09 1.929734e-03 100.0%
                            64.2%        35.8%         0.0%
Writing metric power__internal__total: 0.0012398434337228537
Writing metric power__switching__total: 0.0006898808642290533
Writing metric power__leakage__total: 9.939722822593922e-9
Writing metric power__total: 0.0019297342514619231

