
===========================================================================
report_checks -unconstrained
===========================================================================
======================= nom_tt_025C_1v80 Corner ===================================

Startpoint: _20361_ (rising edge-triggered flip-flop clocked by clk)
Endpoint: _20695_ (rising edge-triggered flip-flop clocked by clk)
Path Group: clk
Path Type: max

Fanout         Cap        Slew       Delay        Time   Description
---------------------------------------------------------------------------------------------
                                  0.000000    0.000000   clock clk (rise edge)
                                  0.000000    0.000000   clock source latency
     1    0.045955    0.132547    0.098273    0.098273 ^ clk (in)
                                                         clk (net)
                      0.132758    0.000000    0.098273 ^ clkbuf_0_clk/A (sky130_fd_sc_hd__clkbuf_16)
     8    0.100326    0.116038    0.217117    0.315390 ^ clkbuf_0_clk/X (sky130_fd_sc_hd__clkbuf_16)
                                                         clknet_0_clk (net)
                      0.116229    0.003238    0.318628 ^ clkbuf_3_4_0_clk/A (sky130_fd_sc_hd__clkbuf_8)
     9    0.067441    0.125630    0.216162    0.534790 ^ clkbuf_3_4_0_clk/X (sky130_fd_sc_hd__clkbuf_8)
                                                         clknet_3_4_0_clk (net)
                      0.125630    0.000168    0.534958 ^ clkbuf_leaf_47_clk/A (sky130_fd_sc_hd__clkbuf_8)
    18    0.046308    0.091934    0.194216    0.729174 ^ clkbuf_leaf_47_clk/X (sky130_fd_sc_hd__clkbuf_8)
                                                         clknet_leaf_47_clk (net)
                      0.091934    0.000083    0.729256 ^ _20361_/CLK (sky130_fd_sc_hd__dfxtp_4)
     7    0.027706    0.057788    0.381993    1.111249 v _20361_/Q (sky130_fd_sc_hd__dfxtp_4)
                                                         b_l[1] (net)
                      0.057788    0.000967    1.112217 v max_cap800/A (sky130_fd_sc_hd__buf_12)
     5    0.042969    0.039914    0.143374    1.255591 v max_cap800/X (sky130_fd_sc_hd__buf_12)
                                                         net800 (net)
                      0.040038    0.001947    1.257538 v max_cap799/A (sky130_fd_sc_hd__buf_12)
     5    0.052733    0.042890    0.141427    1.398965 v max_cap799/X (sky130_fd_sc_hd__buf_12)
                                                         net799 (net)
                      0.042890    0.000072    1.399037 v max_cap798/A (sky130_fd_sc_hd__buf_12)
     5    0.044143    0.040556    0.137428    1.536464 v max_cap798/X (sky130_fd_sc_hd__buf_12)
                                                         net798 (net)
                      0.040652    0.001744    1.538208 v max_cap797/A (sky130_fd_sc_hd__buf_12)
     5    0.043302    0.039793    0.136226    1.674435 v max_cap797/X (sky130_fd_sc_hd__buf_12)
                                                         net797 (net)
                      0.039872    0.001568    1.676003 v max_cap796/A (sky130_fd_sc_hd__buf_12)
     8    0.058167    0.045053    0.143062    1.819065 v max_cap796/X (sky130_fd_sc_hd__buf_12)
                                                         net796 (net)
                      0.045154    0.001653    1.820719 v _14083_/A (sky130_fd_sc_hd__nand2_4)
     5    0.025905    0.092371    0.091517    1.912236 ^ _14083_/Y (sky130_fd_sc_hd__nand2_4)
                                                         _04988_ (net)
                      0.092371    0.000068    1.912304 ^ _14257_/A (sky130_fd_sc_hd__nand2_4)
     3    0.017263    0.053466    0.070691    1.982995 v _14257_/Y (sky130_fd_sc_hd__nand2_4)
                                                         _05161_ (net)
                      0.053466    0.000053    1.983048 v _14260_/A2_N (sky130_fd_sc_hd__o2bb2ai_2)
     1    0.004791    0.056122    0.120809    2.103858 v _14260_/Y (sky130_fd_sc_hd__o2bb2ai_2)
                                                         _05164_ (net)
                      0.056122    0.000010    2.103868 v wire406/A (sky130_fd_sc_hd__buf_6)
     1    0.009416    0.024949    0.119365    2.223232 v wire406/X (sky130_fd_sc_hd__buf_6)
                                                         net406 (net)
                      0.024949    0.000061    2.223293 v _14266_/C1 (sky130_fd_sc_hd__o211ai_4)
     4    0.028982    0.279050    0.114295    2.337588 ^ _14266_/Y (sky130_fd_sc_hd__o211ai_4)
                                                         _05170_ (net)
                      0.279050    0.000148    2.337736 ^ _14270_/B1 (sky130_fd_sc_hd__o21ai_4)
     2    0.013444    0.086046    0.114567    2.452303 v _14270_/Y (sky130_fd_sc_hd__o21ai_4)
                                                         _05174_ (net)
                      0.086046    0.000054    2.452357 v _14273_/A2 (sky130_fd_sc_hd__o211ai_2)
     2    0.007987    0.166419    0.180128    2.632485 ^ _14273_/Y (sky130_fd_sc_hd__o211ai_2)
                                                         _05177_ (net)
                      0.166419    0.000036    2.632521 ^ max_cap273/A (sky130_fd_sc_hd__buf_6)
     6    0.034291    0.077630    0.160842    2.793364 ^ max_cap273/X (sky130_fd_sc_hd__buf_6)
                                                         net273 (net)
                      0.077630    0.000108    2.793472 ^ _14284_/A1 (sky130_fd_sc_hd__a21o_1)
     1    0.009693    0.094826    0.151623    2.945095 ^ _14284_/X (sky130_fd_sc_hd__a21o_1)
                                                         _05188_ (net)
                      0.094826    0.000019    2.945114 ^ _14286_/C (sky130_fd_sc_hd__nand3_4)
     4    0.028721    0.119632    0.128912    3.074026 v _14286_/Y (sky130_fd_sc_hd__nand3_4)
                                                         _05190_ (net)
                      0.119632    0.000074    3.074100 v _14365_/B2 (sky130_fd_sc_hd__a22oi_4)
     1    0.009655    0.155072    0.190108    3.264208 ^ _14365_/Y (sky130_fd_sc_hd__a22oi_4)
                                                         _05268_ (net)
                      0.155072    0.000047    3.264255 ^ _14474_/A (sky130_fd_sc_hd__nand3_4)
     6    0.035926    0.140405    0.153827    3.418082 v _14474_/Y (sky130_fd_sc_hd__nand3_4)
                                                         _05377_ (net)
                      0.140405    0.000099    3.418180 v _14509_/B2 (sky130_fd_sc_hd__a32oi_4)
     1    0.010961    0.202261    0.246394    3.664574 ^ _14509_/Y (sky130_fd_sc_hd__a32oi_4)
                                                         _05411_ (net)
                      0.202261    0.000107    3.664680 ^ _14622_/B (sky130_fd_sc_hd__nand3_4)
     5    0.022200    0.104390    0.134694    3.799375 v _14622_/Y (sky130_fd_sc_hd__nand3_4)
                                                         _05524_ (net)
                      0.104390    0.000172    3.799546 v _14636_/B2 (sky130_fd_sc_hd__a32oi_2)
     2    0.008644    0.203057    0.224043    4.023590 ^ _14636_/Y (sky130_fd_sc_hd__a32oi_2)
                                                         _05537_ (net)
                      0.203057    0.000033    4.023623 ^ _14757_/A_N (sky130_fd_sc_hd__nand3b_4)
     5    0.019955    0.092674    0.202498    4.226121 ^ _14757_/Y (sky130_fd_sc_hd__nand3b_4)
                                                         _05658_ (net)
                      0.092674    0.000032    4.226153 ^ _14986_/A2 (sky130_fd_sc_hd__a21o_1)
     1    0.009828    0.093238    0.160703    4.386856 ^ _14986_/X (sky130_fd_sc_hd__a21o_1)
                                                         _05885_ (net)
                      0.093238    0.000244    4.387100 ^ _14990_/B1 (sky130_fd_sc_hd__o21a_4)
     4    0.030833    0.104422    0.184478    4.571578 ^ _14990_/X (sky130_fd_sc_hd__o21a_4)
                                                         _05889_ (net)
                      0.104424    0.000683    4.572261 ^ _15322_/B (sky130_fd_sc_hd__nand3_4)
     6    0.027735    0.117141    0.126164    4.698425 v _15322_/Y (sky130_fd_sc_hd__nand3_4)
                                                         _06217_ (net)
                      0.117142    0.000536    4.698962 v _15454_/A1 (sky130_fd_sc_hd__a21oi_4)
     4    0.014244    0.153756    0.185550    4.884512 ^ _15454_/Y (sky130_fd_sc_hd__a21oi_4)
                                                         _06345_ (net)
                      0.153756    0.000030    4.884542 ^ _15495_/A1 (sky130_fd_sc_hd__o21ai_1)
     1    0.002782    0.055375    0.089668    4.974210 v _15495_/Y (sky130_fd_sc_hd__o21ai_1)
                                                         _06385_ (net)
                      0.055375    0.000006    4.974216 v _15497_/A2 (sky130_fd_sc_hd__o211a_1)
     1    0.002033    0.035806    0.196743    5.170959 v _15497_/X (sky130_fd_sc_hd__o211a_1)
                                                         _00335_ (net)
                      0.035806    0.000003    5.170962 v _20695_/D (sky130_fd_sc_hd__dfxtp_2)
                                              5.170962   data arrival time

                                 10.000000   10.000000   clock clk (rise edge)
                                  0.000000   10.000000   clock source latency
     1    0.045955    0.132547    0.098273   10.098272 ^ clk (in)
                                                         clk (net)
                      0.132758    0.000000   10.098272 ^ clkbuf_0_clk/A (sky130_fd_sc_hd__clkbuf_16)
     8    0.100326    0.116038    0.217117   10.315390 ^ clkbuf_0_clk/X (sky130_fd_sc_hd__clkbuf_16)
                                                         clknet_0_clk (net)
                      0.116083    0.002212   10.317601 ^ clkbuf_3_1_0_clk/A (sky130_fd_sc_hd__clkbuf_8)
     9    0.066110    0.123465    0.214648   10.532249 ^ clkbuf_3_1_0_clk/X (sky130_fd_sc_hd__clkbuf_8)
                                                         clknet_3_1_0_clk (net)
                      0.123465    0.000143   10.532393 ^ clkbuf_leaf_2_clk/A (sky130_fd_sc_hd__clkbuf_8)
     6    0.016523    0.046031    0.155858   10.688250 ^ clkbuf_leaf_2_clk/X (sky130_fd_sc_hd__clkbuf_8)
                                                         clknet_leaf_2_clk (net)
                      0.046031    0.000027   10.688276 ^ _20695_/CLK (sky130_fd_sc_hd__dfxtp_2)
                                 -1.500000    9.188276   clock uncertainty
                                  0.000000    9.188276   clock reconvergence pessimism
                                 -0.108631    9.079645   library setup time
                                              9.079645   data required time
---------------------------------------------------------------------------------------------
                                              9.079645   data required time
                                             -5.170962   data arrival time
---------------------------------------------------------------------------------------------
                                              3.908683   slack (MET)




===========================================================================
report_checks --slack_max -0.01
============================================================================
======================= nom_tt_025C_1v80 Corner ===================================

No paths found.


===========================================================================
 report_check_types -max_slew -max_cap -max_fanout -violators
============================================================================
======================= nom_tt_025C_1v80 Corner ===================================



===========================================================================
report_parasitic_annotation -report_unannotated
============================================================================
Found 53 unannotated drivers.
 clkload0/Y
 clkload1/Y
 clkload10/X
 clkload11/X
 clkload12/X
 clkload13/X
 clkload14/Y
 clkload15/Y
 clkload16/Y
 clkload17/Y
 clkload18/Y
 clkload19/Y
 clkload2/X
 clkload20/Y
 clkload21/X
 clkload22/X
 clkload23/Y
 clkload24/X
 clkload25/Y
 clkload26/Y
 clkload27/Y
 clkload28/Y
 clkload29/Y
 clkload3/X
 clkload30/Y
 clkload31/Y
 clkload32/X
 clkload33/Y
 clkload34/Y
 clkload35/Y
 clkload36/Y
 clkload37/Y
 clkload38/X
 clkload39/X
 clkload4/X
 clkload40/Y
 clkload41/Y
 clkload42/Y
 clkload43/Y
 clkload44/Y
 clkload45/Y
 clkload46/Y
 clkload47/Y
 clkload48/Y
 clkload49/X
 clkload5/Y
 clkload50/X
 clkload51/Y
 clkload52/Y
 clkload6/Y
 clkload7/Y
 clkload8/Y
 clkload9/Y
Found 0 partially unannotated drivers.

===========================================================================
max slew violation count 0
Writing metric design__max_slew_violation__count__corner:nom_tt_025C_1v80: 0
max fanout violation count 0
Writing metric design__max_fanout_violation__count__corner:nom_tt_025C_1v80: 0
max cap violation count 0
Writing metric design__max_cap_violation__count__corner:nom_tt_025C_1v80: 0
============================================================================

===========================================================================
check_setup -verbose -unconstrained_endpoints -multiple_clock -no_clock -no_input_delay -loops -generated_clocks
===========================================================================
