
===========================================================================
 report_power
============================================================================
======================= nom_tt_025C_1v80 Corner ===================================

Group                    Internal    Switching      Leakage        Total
                            Power        Power        Power        Power (Watts)
------------------------------------------------------------------------
Sequential           2.108587e-03 5.791271e-04 3.867762e-09 2.687718e-03  39.5%
Combinational        1.852911e-03 2.264418e-03 3.361105e-08 4.117363e-03  60.5%
Clock                0.000000e+00 0.000000e+00 1.257136e-09 1.257136e-09   0.0%
Macro                0.000000e+00 0.000000e+00 0.000000e+00 0.000000e+00   0.0%
Pad                  0.000000e+00 0.000000e+00 0.000000e+00 0.000000e+00   0.0%
------------------------------------------------------------------------
Total                3.961499e-03 2.843545e-03 3.873596e-08 6.805083e-03 100.0%
                            58.2%        41.8%         0.0%
Writing metric power__internal__total: 0.003961498849093914
Writing metric power__switching__total: 0.0028435452841222286
Writing metric power__leakage__total: 3.873596199355234e-8
Writing metric power__total: 0.006805082783102989

