101. Printing statistics.

=== add3x64 ===

   Number of wires:                736
   Number of wire bits:           1177
   Number of public wires:           6
   Number of public wire bits:     258
   Number of ports:                  6
   Number of port bits:            258
   Number of memories:               0
   Number of memory bits:            0
   Number of processes:              0
   Number of cells:                855
     $_ANDNOT_                     249
     $_NAND_                        63
     $_NOR_                         67
     $_NOT_                          9
     $_ORNOT_                       13
     $_OR_                         137
     $_SDFF_PP0_                    64
     $_XNOR_                       124
     $_XOR_                        129

   Area for cell type $_NOT_ is unknown!
   Area for cell type $_NAND_ is unknown!
   Area for cell type $_OR_ is unknown!
   Area for cell type $_NOR_ is unknown!
   Area for cell type $_XOR_ is unknown!
   Area for cell type $_XNOR_ is unknown!
   Area for cell type $_ANDNOT_ is unknown!
   Area for cell type $_ORNOT_ is unknown!
   Area for cell type $_SDFF_PP0_ is unknown!

