
===========================================================================
report_checks -unconstrained
===========================================================================
======================= max_tt_025C_1v80 Corner ===================================

Startpoint: _20790_ (rising edge-triggered flip-flop clocked by clk)
Endpoint: _20728_ (rising edge-triggered flip-flop clocked by clk)
Path Group: clk
Path Type: max

Fanout         Cap        Slew       Delay        Time   Description
---------------------------------------------------------------------------------------------
                                  0.000000    0.000000   clock clk (rise edge)
                                  0.000000    0.000000   clock source latency
     2    0.067446    0.189343    0.138429    0.138429 ^ clk (in)
                                                         clk (net)
                      0.189511    0.000000    0.138429 ^ clkbuf_0_clk/A (sky130_fd_sc_hd__clkbuf_16)
     8    0.185341    0.196744    0.287077    0.425506 ^ clkbuf_0_clk/X (sky130_fd_sc_hd__clkbuf_16)
                                                         clknet_0_clk (net)
                      0.197738    0.011343    0.436849 ^ clkbuf_3_3_0_clk/A (sky130_fd_sc_hd__clkbuf_8)
     8    0.105949    0.187831    0.283110    0.719960 ^ clkbuf_3_3_0_clk/X (sky130_fd_sc_hd__clkbuf_8)
                                                         clknet_3_3_0_clk (net)
                      0.188107    0.005938    0.725898 ^ clkbuf_leaf_3_clk/A (sky130_fd_sc_hd__clkbuf_8)
     4    0.052286    0.102532    0.219102    0.945000 ^ clkbuf_leaf_3_clk/X (sky130_fd_sc_hd__clkbuf_8)
                                                         clknet_leaf_3_clk (net)
                      0.102781    0.003612    0.948611 ^ _20790_/CLK (sky130_fd_sc_hd__dfxtp_4)
     3    0.036498    0.114706    0.415156    1.363768 ^ _20790_/Q (sky130_fd_sc_hd__dfxtp_4)
                                                         a_l[12] (net)
                      0.115103    0.005849    1.369617 ^ max_cap569/A (sky130_fd_sc_hd__buf_12)
    10    0.080553    0.101188    0.164249    1.533866 ^ max_cap569/X (sky130_fd_sc_hd__buf_12)
                                                         net569 (net)
                      0.101481    0.004423    1.538289 ^ wire568/A (sky130_fd_sc_hd__buf_12)
     9    0.102282    0.125651    0.172627    1.710917 ^ wire568/X (sky130_fd_sc_hd__buf_12)
                                                         net568 (net)
                      0.128125    0.013990    1.724907 ^ max_cap567/A (sky130_fd_sc_hd__buf_12)
     8    0.102660    0.126147    0.178763    1.903670 ^ max_cap567/X (sky130_fd_sc_hd__buf_12)
                                                         net567 (net)
                      0.131274    0.019942    1.923613 ^ max_cap566/A (sky130_fd_sc_hd__buf_12)
     7    0.086920    0.109079    0.162877    2.086489 ^ max_cap566/X (sky130_fd_sc_hd__buf_12)
                                                         net566 (net)
                      0.116723    0.022120    2.108610 ^ rebuffer234/A (sky130_fd_sc_hd__buf_12)
     1    0.038022    0.057580    0.131988    2.240598 ^ rebuffer234/X (sky130_fd_sc_hd__buf_12)
                                                         net1034 (net)
                      0.058255    0.004900    2.245498 ^ _10196_/A (sky130_fd_sc_hd__inv_12)
    22    0.222719    0.100428    0.070729    2.316227 v _10196_/Y (sky130_fd_sc_hd__inv_12)
                                                         _09319_ (net)
                      0.134463    0.046543    2.362770 v _16364_/B1 (sky130_fd_sc_hd__o2bb2ai_1)
     1    0.006800    0.181809    0.222378    2.585148 ^ _16364_/Y (sky130_fd_sc_hd__o2bb2ai_1)
                                                         _07238_ (net)
                      0.181809    0.000518    2.585667 ^ _16366_/B (sky130_fd_sc_hd__nand3_2)
     6    0.025623    0.175799    0.191873    2.777539 v _16366_/Y (sky130_fd_sc_hd__nand3_2)
                                                         _07240_ (net)
                      0.175850    0.002456    2.779995 v _16495_/B1 (sky130_fd_sc_hd__o21ai_1)
     2    0.010412    0.228191    0.196262    2.976258 ^ _16495_/Y (sky130_fd_sc_hd__o21ai_1)
                                                         _07368_ (net)
                      0.228194    0.000673    2.976931 ^ _16497_/B (sky130_fd_sc_hd__nand2_1)
     2    0.019597    0.155956    0.188328    3.165260 v _16497_/Y (sky130_fd_sc_hd__nand2_1)
                                                         _07370_ (net)
                      0.155973    0.001634    3.166894 v _16533_/B1 (sky130_fd_sc_hd__a21oi_1)
     2    0.013500    0.305366    0.303523    3.470417 ^ _16533_/Y (sky130_fd_sc_hd__a21oi_1)
                                                         _07406_ (net)
                      0.305372    0.001157    3.471574 ^ _16619_/B1 (sky130_fd_sc_hd__a21oi_1)
     1    0.003478    0.079153    0.077997    3.549572 v _16619_/Y (sky130_fd_sc_hd__a21oi_1)
                                                         _07491_ (net)
                      0.079153    0.000144    3.549716 v wire234/A (sky130_fd_sc_hd__buf_1)
     3    0.011529    0.072999    0.141453    3.691169 v wire234/X (sky130_fd_sc_hd__buf_1)
                                                         net234 (net)
                      0.073004    0.000678    3.691846 v _16683_/A (sky130_fd_sc_hd__nand3_1)
     4    0.012147    0.146951    0.136788    3.828635 ^ _16683_/Y (sky130_fd_sc_hd__nand3_1)
                                                         _07555_ (net)
                      0.146956    0.000720    3.829354 ^ _16687_/A1 (sky130_fd_sc_hd__a21o_1)
     1    0.009254    0.088867    0.167861    3.997215 ^ _16687_/X (sky130_fd_sc_hd__a21o_1)
                                                         _07559_ (net)
                      0.088867    0.000445    3.997660 ^ _16693_/B (sky130_fd_sc_hd__nand3_4)
     7    0.019611    0.111031    0.103633    4.101292 v _16693_/Y (sky130_fd_sc_hd__nand3_4)
                                                         _07565_ (net)
                      0.111041    0.001847    4.103139 v _16718_/A2 (sky130_fd_sc_hd__a21boi_1)
     1    0.002610    0.101734    0.157675    4.260815 ^ _16718_/Y (sky130_fd_sc_hd__a21boi_1)
                                                         _07589_ (net)
                      0.101734    0.000187    4.261002 ^ wire157/A (sky130_fd_sc_hd__clkbuf_2)
     3    0.024623    0.138486    0.191216    4.452218 ^ wire157/X (sky130_fd_sc_hd__clkbuf_2)
                                                         net157 (net)
                      0.138571    0.002819    4.455037 ^ _16847_/A (sky130_fd_sc_hd__nand3_4)
     4    0.018665    0.103851    0.109411    4.564448 v _16847_/Y (sky130_fd_sc_hd__nand3_4)
                                                         _07718_ (net)
                      0.103853    0.000852    4.565301 v _16850_/A (sky130_fd_sc_hd__nand2_1)
     1    0.003042    0.058777    0.079750    4.645050 ^ _16850_/Y (sky130_fd_sc_hd__nand2_1)
                                                         _07721_ (net)
                      0.058777    0.000226    4.645277 ^ _16853_/A (sky130_fd_sc_hd__nand2_1)
     3    0.014074    0.105926    0.105875    4.751152 v _16853_/Y (sky130_fd_sc_hd__nand2_1)
                                                         _07724_ (net)
                      0.105951    0.001358    4.752509 v _16859_/A (sky130_fd_sc_hd__nand3_2)
     3    0.016610    0.107334    0.125270    4.877779 ^ _16859_/Y (sky130_fd_sc_hd__nand3_2)
                                                         _07730_ (net)
                      0.107391    0.000994    4.878774 ^ _17157_/B1 (sky130_fd_sc_hd__o21ai_1)
     1    0.005881    0.070779    0.095065    4.973839 v _17157_/Y (sky130_fd_sc_hd__o21ai_1)
                                                         _08026_ (net)
                      0.070780    0.000421    4.974260 v _17411_/C (sky130_fd_sc_hd__nand4_2)
     2    0.011951    0.108957    0.128168    5.102428 ^ _17411_/Y (sky130_fd_sc_hd__nand4_2)
                                                         _08278_ (net)
                      0.108960    0.000912    5.103341 ^ _17760_/A (sky130_fd_sc_hd__nand4_2)
     1    0.009003    0.102711    0.108789    5.212130 v _17760_/Y (sky130_fd_sc_hd__nand4_2)
                                                         _08623_ (net)
                      0.102737    0.000715    5.212845 v _17761_/B1 (sky130_fd_sc_hd__a21oi_4)
     3    0.039271    0.302940    0.282693    5.495537 ^ _17761_/Y (sky130_fd_sc_hd__a21oi_4)
                                                         _08624_ (net)
                      0.303163    0.006566    5.502103 ^ _17917_/A1 (sky130_fd_sc_hd__o21bai_4)
     2    0.014019    0.078973    0.124027    5.626130 v _17917_/Y (sky130_fd_sc_hd__o21bai_4)
                                                         _08776_ (net)
                      0.078976    0.000951    5.627081 v _17949_/A (sky130_fd_sc_hd__nand2_2)
     1    0.005829    0.054434    0.072450    5.699530 ^ _17949_/Y (sky130_fd_sc_hd__nand2_2)
                                                         _08806_ (net)
                      0.054435    0.000446    5.699976 ^ _17952_/A1 (sky130_fd_sc_hd__a21oi_2)
     1    0.005626    0.050744    0.052601    5.752578 v _17952_/Y (sky130_fd_sc_hd__a21oi_2)
                                                         _08809_ (net)
                      0.050745    0.000446    5.753024 v _17954_/B (sky130_fd_sc_hd__nor3_2)
     1    0.018929    0.353773    0.320045    6.073069 ^ _17954_/Y (sky130_fd_sc_hd__nor3_2)
                                                         _00368_ (net)
                      0.353925    0.002476    6.075546 ^ _20728_/D (sky130_fd_sc_hd__dfxtp_1)
                                              6.075546   data arrival time

                                 10.000000   10.000000   clock clk (rise edge)
                                  0.000000   10.000000   clock source latency
     2    0.067446    0.189343    0.138430   10.138430 ^ clk (in)
                                                         clk (net)
                      0.189511    0.000000   10.138430 ^ clkbuf_0_clk/A (sky130_fd_sc_hd__clkbuf_16)
     8    0.185341    0.196744    0.287076   10.425506 ^ clkbuf_0_clk/X (sky130_fd_sc_hd__clkbuf_16)
                                                         clknet_0_clk (net)
                      0.197738    0.011344   10.436850 ^ clkbuf_3_3_0_clk/A (sky130_fd_sc_hd__clkbuf_8)
     8    0.105949    0.187831    0.283110   10.719960 ^ clkbuf_3_3_0_clk/X (sky130_fd_sc_hd__clkbuf_8)
                                                         clknet_3_3_0_clk (net)
                      0.188588    0.009669   10.729630 ^ clkbuf_leaf_12_clk/A (sky130_fd_sc_hd__clkbuf_8)
    23    0.069417    0.129847    0.239330   10.968960 ^ clkbuf_leaf_12_clk/X (sky130_fd_sc_hd__clkbuf_8)
                                                         clknet_leaf_12_clk (net)
                      0.130013    0.003133   10.972093 ^ _20728_/CLK (sky130_fd_sc_hd__dfxtp_1)
                                 -0.200000   10.772093   clock uncertainty
                                  0.000000   10.772093   clock reconvergence pessimism
                                 -0.111944   10.660149   library setup time
                                             10.660149   data required time
---------------------------------------------------------------------------------------------
                                             10.660149   data required time
                                             -6.075546   data arrival time
---------------------------------------------------------------------------------------------
                                              4.584603   slack (MET)




===========================================================================
report_checks --slack_max -0.01
============================================================================
======================= max_tt_025C_1v80 Corner ===================================

No paths found.


===========================================================================
 report_check_types -max_slew -max_cap -max_fanout -violators
============================================================================
======================= max_tt_025C_1v80 Corner ===================================



===========================================================================
report_parasitic_annotation -report_unannotated
============================================================================
Found 55 unannotated drivers.
 clkload0/Y
 clkload1/Y
 clkload10/Y
 clkload11/Y
 clkload12/X
 clkload13/Y
 clkload14/X
 clkload15/Y
 clkload16/Y
 clkload17/Y
 clkload18/Y
 clkload19/Y
 clkload2/Y
 clkload20/Y
 clkload21/Y
 clkload22/Y
 clkload23/Y
 clkload24/Y
 clkload25/Y
 clkload26/Y
 clkload27/Y
 clkload28/Y
 clkload29/Y
 clkload3/Y
 clkload30/Y
 clkload31/Y
 clkload32/Y
 clkload33/Y
 clkload34/Y
 clkload35/Y
 clkload36/Y
 clkload37/Y
 clkload38/Y
 clkload39/Y
 clkload4/Y
 clkload40/Y
 clkload41/Y
 clkload42/Y
 clkload43/Y
 clkload44/Y
 clkload45/Y
 clkload46/Y
 clkload47/Y
 clkload48/Y
 clkload49/Y
 clkload5/Y
 clkload50/Y
 clkload51/Y
 clkload52/Y
 clkload53/Y
 clkload54/Y
 clkload6/X
 clkload7/X
 clkload8/Y
 clkload9/X
Found 0 partially unannotated drivers.

===========================================================================
max slew violation count 0
max fanout violation count 0
max cap violation count 0
============================================================================

===========================================================================
check_setup -verbose -unconstrained_endpoints -multiple_clock -no_clock -no_input_delay -loops -generated_clocks
===========================================================================
