
===========================================================================
 report_power
============================================================================
======================= max_ff_n40C_1v95 Corner ===================================

Group                    Internal    Switching      Leakage        Total
                            Power        Power        Power        Power (Watts)
------------------------------------------------------------------------
Sequential           2.268169e-03 1.818000e-04 7.445917e-09 2.449977e-03  21.4%
Combinational        2.394204e-03 4.150712e-03 1.304263e-07 6.545046e-03  57.1%
Clock                1.178009e-03 1.293147e-03 1.776478e-08 2.471174e-03  21.6%
Macro                0.000000e+00 0.000000e+00 0.000000e+00 0.000000e+00   0.0%
Pad                  0.000000e+00 0.000000e+00 0.000000e+00 0.000000e+00   0.0%
------------------------------------------------------------------------
Total                5.840378e-03 5.625658e-03 1.556354e-07 1.146619e-02 100.0%
                            50.9%        49.1%         0.0%

