┏━━━━━━━━━━━━━━━━━━━━━━┳━━━━━━━━━━┳━━━━━━━━━━┳━━━━━━━━━━┳━━━━━━━━━━┳━━━━━━━━━━━┳━━━━━━━━━━┳━━━━━━━━━━━┳━━━━━━━━━━┳━━━━━━━━━━━┳━━━━━━━━━━┳━━━━━━━━━━━┳━━━━━━━━━━┓
┃                      ┃ Hold     ┃ Reg to   ┃          ┃          ┃ of which  ┃ Setup    ┃           ┃          ┃           ┃ of which ┃           ┃          ┃
┃                      ┃ Worst    ┃ Reg      ┃          ┃ Hold Vio ┃ reg to    ┃ Worst    ┃ Reg to    ┃ Setup    ┃ Setup Vio ┃ reg to   ┃ Max Cap   ┃ Max Slew ┃
┃ Corner/Group         ┃ Slack    ┃ Paths    ┃ Hold TNS ┃ Count    ┃ reg       ┃ Slack    ┃ Reg Paths ┃ TNS      ┃ Count     ┃ reg      ┃ Violatio… ┃ Violati… ┃
┡━━━━━━━━━━━━━━━━━━━━━━╇━━━━━━━━━━╇━━━━━━━━━━╇━━━━━━━━━━╇━━━━━━━━━━╇━━━━━━━━━━━╇━━━━━━━━━━╇━━━━━━━━━━━╇━━━━━━━━━━╇━━━━━━━━━━━╇━━━━━━━━━━╇━━━━━━━━━━━╇━━━━━━━━━━┩
│ Overall              │ -0.2428  │ -0.2428  │ -3.8209  │ 99       │ 99        │ 1.5748   │ 1.5748    │ 0.0000   │ 0         │ 0        │ 1         │ 183      │
│ nom_tt_025C_1v80     │ -0.1377  │ -0.1377  │ -0.1377  │ 1        │ 1         │ 1.8576   │ 1.8576    │ 0.0000   │ 0         │ 0        │ 0         │ 177      │
│ nom_ss_100C_1v60     │ 0.1419   │ 0.1419   │ 0.0000   │ 0        │ 0         │ 1.5748   │ 1.5748    │ 0.0000   │ 0         │ 0        │ 1         │ 183      │
│ nom_ff_n40C_1v95     │ -0.2428  │ -0.2428  │ -3.8209  │ 98       │ 98        │ 1.9632   │ 1.9632    │ 0.0000   │ 0         │ 0        │ 0         │ 177      │
└──────────────────────┴──────────┴──────────┴──────────┴──────────┴───────────┴──────────┴───────────┴──────────┴───────────┴──────────┴───────────┴──────────┘
