
===========================================================================
 report_power
============================================================================
======================= nom_tt_025C_1v80 Corner ===================================

Group                    Internal    Switching      Leakage        Total
                            Power        Power        Power        Power (Watts)
------------------------------------------------------------------------
Sequential           1.957197e-03 1.365077e-04 3.730425e-09 2.093709e-03  23.1%
Combinational        2.005972e-03 3.008664e-03 4.049545e-08 5.014677e-03  55.3%
Clock                1.028895e-03 9.277351e-04 1.881921e-09 1.956632e-03  21.6%
Macro                0.000000e+00 0.000000e+00 0.000000e+00 0.000000e+00   0.0%
Pad                  0.000000e+00 0.000000e+00 0.000000e+00 0.000000e+00   0.0%
------------------------------------------------------------------------
Total                4.992066e-03 4.072904e-03 4.610789e-08 9.065017e-03 100.0%
                            55.1%        44.9%         0.0%
Writing metric power__internal__total: 0.004992066416889429
Writing metric power__switching__total: 0.004072904121130705
Writing metric power__leakage__total: 4.610788550962752e-8
Writing metric power__total: 0.009065017104148865

