Clock: clk
Sources: clk 
Generated: no
Virtual: yes
Propagated: no
Period: 10.000000

===========================================================================
report_clock_properties
============================================================================
Clock                   Period          Waveform
----------------------------------------------------
clk                  10.000000    0.000000  5.000000

===========================================================================
report_clock_latency
============================================================================
Clock clk
rise -> rise
    min     max
0.000000 0.000000 source latency
0.747110         network latency _20402_/CLK
        1.028531 network latency _20498_/CLK
---------------
0.747110 1.028531 latency
        0.281421 skew

fall -> fall
    min     max
0.000000 0.000000 source latency
0.600209         network latency _20402_/CLK
        0.843982 network latency _20498_/CLK
---------------
0.600209 0.843982 latency
        0.243773 skew



===========================================================================
report_clock_min_period
============================================================================
clk period_min = 5.24 fmax = 190.84
