Clock: clk
Sources: clk 
Generated: no
Virtual: yes
Propagated: no
Period: 10.000000

===========================================================================
report_clock_properties
============================================================================
Clock                   Period          Waveform
----------------------------------------------------
clk                  10.000000    0.000000  5.000000

===========================================================================
report_clock_latency
============================================================================
Clock clk
rise -> rise
    min     max
0.000000 0.000000 source latency
1.342693         network latency _20402_/CLK
        1.846920 network latency _20498_/CLK
---------------
1.342693 1.846920 latency
        0.504227 skew

fall -> fall
    min     max
0.000000 0.000000 source latency
1.087780         network latency _20402_/CLK
        1.529450 network latency _20498_/CLK
---------------
1.087780 1.529450 latency
        0.441670 skew



===========================================================================
report_clock_min_period
============================================================================
clk period_min = 10.14 fmax = 98.64
