Clock: clk
Sources: clk 
Generated: no
Virtual: yes
Propagated: no
Period: 10.000000

===========================================================================
report_clock_properties
============================================================================
Clock                   Period          Waveform
----------------------------------------------------
clk                  10.000000    0.000000  5.000000

===========================================================================
report_clock_latency
============================================================================
Clock clk
rise -> rise
    min     max
0.000000 0.000000 source latency
0.460123         network latency _20799_/CLK
        0.626982 network latency _20360_/CLK
---------------
0.460123 0.626982 latency
        0.166859 skew

fall -> fall
    min     max
0.000000 0.000000 source latency
0.385189         network latency _20799_/CLK
        0.535454 network latency _20360_/CLK
---------------
0.385189 0.535454 latency
        0.150265 skew



===========================================================================
report_clock_min_period
============================================================================
clk period_min = 3.34 fmax = 299.28
