Clock: clk
Sources: clk 
Generated: no
Virtual: no
Propagated: no
Period: 10.000000

===========================================================================
report_clock_properties
============================================================================
Clock                   Period          Waveform
----------------------------------------------------
clk                  10.000000    0.000000  5.000000

===========================================================================
report_clock_latency
============================================================================
Clock clk
rise -> rise
    min     max
0.000000 0.000000 source latency
1.548584         network latency _0979_/CLK
        1.548584 network latency i_ll/clk
---------------
1.548584 1.548584 latency
        0.000000 skew

fall -> fall
    min     max
0.000000 0.000000 source latency
0.781863         network latency _0979_/CLK
        0.781863 network latency i_ll/clk
---------------
0.781863 0.781863 latency
        0.000000 skew



===========================================================================
report_clock_min_period
============================================================================
clk period_min = 8.43 fmax = 118.69
