
===========================================================================
 report_power
============================================================================
======================= nom_tt_025C_1v80 Corner ===================================

Group                    Internal    Switching      Leakage        Total
                            Power        Power        Power        Power (Watts)
------------------------------------------------------------------------
Sequential           1.961454e-03 1.286854e-04 3.731535e-09 2.090144e-03  21.7%
Combinational        2.120942e-03 2.802494e-03 4.187616e-08 4.923478e-03  51.0%
Clock                1.581197e-03 1.053290e-03 2.613142e-09 2.634490e-03  27.3%
Macro                0.000000e+00 0.000000e+00 0.000000e+00 0.000000e+00   0.0%
Pad                  0.000000e+00 0.000000e+00 0.000000e+00 0.000000e+00   0.0%
------------------------------------------------------------------------
Total                5.663590e-03 3.984470e-03 4.822100e-08 9.648108e-03 100.0%
                            58.7%        41.3%         0.0%
Writing metric power__internal__total: 0.00566358957439661
Writing metric power__switching__total: 0.003984469920396805
Writing metric power__leakage__total: 4.822100052592759e-8
Writing metric power__total: 0.009648107923567295

