Clock: clk
Sources: clk 
Generated: no
Virtual: yes
Propagated: no
Period: 10.000000

===========================================================================
report_clock_properties
============================================================================
Clock                   Period          Waveform
----------------------------------------------------
clk                  10.000000    0.000000  5.000000

===========================================================================
report_clock_latency
============================================================================
Clock clk
rise -> rise
    min     max
0.000000 0.000000 source latency
0.535557         network latency _20697_/CLK
        0.752218 network latency _20626_/CLK
---------------
0.535557 0.752218 latency
        0.216662 skew

fall -> fall
    min     max
0.000000 0.000000 source latency
0.478395         network latency _20697_/CLK
        0.685822 network latency _20626_/CLK
---------------
0.478395 0.685822 latency
        0.207427 skew



===========================================================================
report_clock_min_period
============================================================================
clk period_min = 6.43 fmax = 155.47
