┏━━━━━━━━━━━━━━━━━━━━━━┳━━━━━━━━━━┳━━━━━━━━━━┳━━━━━━━━━━┳━━━━━━━━━━┳━━━━━━━━━━━┳━━━━━━━━━━┳━━━━━━━━━━━┳━━━━━━━━━━┳━━━━━━━━━━━┳━━━━━━━━━━┳━━━━━━━━━━━┳━━━━━━━━━━┓
┃                      ┃ Hold     ┃ Reg to   ┃          ┃          ┃ of which  ┃ Setup    ┃           ┃          ┃           ┃ of which ┃           ┃          ┃
┃                      ┃ Worst    ┃ Reg      ┃          ┃ Hold Vio ┃ reg to    ┃ Worst    ┃ Reg to    ┃ Setup    ┃ Setup Vio ┃ reg to   ┃ Max Cap   ┃ Max Slew ┃
┃ Corner/Group         ┃ Slack    ┃ Paths    ┃ Hold TNS ┃ Count    ┃ reg       ┃ Slack    ┃ Reg Paths ┃ TNS      ┃ Count     ┃ reg      ┃ Violatio… ┃ Violati… ┃
┡━━━━━━━━━━━━━━━━━━━━━━╇━━━━━━━━━━╇━━━━━━━━━━╇━━━━━━━━━━╇━━━━━━━━━━╇━━━━━━━━━━━╇━━━━━━━━━━╇━━━━━━━━━━━╇━━━━━━━━━━╇━━━━━━━━━━━╇━━━━━━━━━━╇━━━━━━━━━━━╇━━━━━━━━━━┩
│ Overall              │ 0.5349   │ 0.5349   │ 0.0000   │ 0        │ 0         │ -0.2483  │ -0.2483   │ -2.7180  │ 23        │ 23       │ 0         │ 0        │
│ nom_tt_025C_1v80     │ 0.8593   │ 0.8593   │ 0.0000   │ 0        │ 0         │ 4.6625   │ 4.6625    │ 0.0000   │ 0         │ 0        │ 0         │ 0        │
│ nom_ss_100C_1v60     │ 1.7808   │ 1.7808   │ 0.0000   │ 0        │ 0         │ 0.0040   │ 0.0040    │ 0.0000   │ 0         │ 0        │ 0         │ 0        │
│ nom_ff_n40C_1v95     │ 0.5357   │ 0.5357   │ 0.0000   │ 0        │ 0         │ 6.5616   │ 6.5616    │ 0.0000   │ 0         │ 0        │ 0         │ 0        │
│ min_tt_025C_1v80     │ 0.8584   │ 0.8584   │ 0.0000   │ 0        │ 0         │ 4.8030   │ 4.8030    │ 0.0000   │ 0         │ 0        │ 0         │ 0        │
│ min_ss_100C_1v60     │ 1.7535   │ 1.7535   │ 0.0000   │ 0        │ 0         │ 0.2174   │ 0.2174    │ 0.0000   │ 0         │ 0        │ 0         │ 0        │
│ min_ff_n40C_1v95     │ 0.5349   │ 0.5349   │ 0.0000   │ 0        │ 0         │ 6.6392   │ 6.6392    │ 0.0000   │ 0         │ 0        │ 0         │ 0        │
│ max_tt_025C_1v80     │ 0.8601   │ 0.8601   │ 0.0000   │ 0        │ 0         │ 4.5181   │ 4.5181    │ 0.0000   │ 0         │ 0        │ 0         │ 0        │
│ max_ss_100C_1v60     │ 1.8160   │ 1.8160   │ 0.0000   │ 0        │ 0         │ -0.2483  │ -0.2483   │ -2.7180  │ 23        │ 23       │ 0         │ 0        │
│ max_ff_n40C_1v95     │ 0.5357   │ 0.5357   │ 0.0000   │ 0        │ 0         │ 6.4690   │ 6.4690    │ 0.0000   │ 0         │ 0        │ 0         │ 0        │
└──────────────────────┴──────────┴──────────┴──────────┴──────────┴───────────┴──────────┴───────────┴──────────┴───────────┴──────────┴───────────┴──────────┘
